D:\MCUXpressoIDE_25.6.136\workspace\MCXA176_UartDmaDemo\CMSIS/core_cm33.h:2358:22:__NVIC_EnableIRQ	16	static
D:\MCUXpressoIDE_25.6.136\workspace\MCXA176_UartDmaDemo\CMSIS/core_cm33.h:2555:22:__NVIC_SetPriority	16	static
D:\MCUXpressoIDE_25.6.136\workspace\MCXA176_UartDmaDemo\drivers/fsl_common_arm.h:753:24:EnableIRQ	24	static
D:\MCUXpressoIDE_25.6.136\workspace\MCXA176_UartDmaDemo\drivers/fsl_edma.h:704:20:EDMA_SetChannelMux	24	static
D:\MCUXpressoIDE_25.6.136\workspace\MCXA176_UartDmaDemo\drivers/fsl_spc.h:1105:20:SPC_EnableActiveModeAnalogModules	16	static
D:\MCUXpressoIDE_25.6.136\workspace\MCXA176_UartDmaDemo\drivers/fsl_dac.h:308:20:DAC_Enable	16	static
D:\MCUXpressoIDE_25.6.136\workspace\MCXA176_UartDmaDemo\drivers/fsl_dac.h:417:20:DAC_SetData	16	static
../board/peripherals.c:235:13:LPUART1_init	16	static
../board/peripherals.c:300:13:DAC0_init	8	static
../board/peripherals.c:314:13:BOARD_InitPeripherals_CommonPostInit	8	static
../board/peripherals.c:326:6:BOARD_InitPeripherals	8	static
../board/peripherals.c:342:6:BOARD_InitBootPeripherals	8	static
