Archive member included to satisfy reference by file (symbol)

D:/nxp/MCUXpressoIDE_25.6.136/ide/plugins/com.nxp.mcuxpresso.tools.win32_25.6.0.202501151204/tools/bin/../lib/gcc/arm-none-eabi/14.2.1/../../../../arm-none-eabi/lib/thumb/v8-m.main+fp/hard\libcr_nohost_nf.a(_cr__main.o)
                              ./startup/startup_MCXA176.o (__main)
D:/nxp/MCUXpressoIDE_25.6.136/ide/plugins/com.nxp.mcuxpresso.tools.win32_25.6.0.202501151204/tools/bin/../lib/gcc/arm-none-eabi/14.2.1/../../../../arm-none-eabi/lib/thumb/v8-m.main+fp/hard\libcr_c.a(memcpy.o)
                              ./utilities/str/fsl_str.o (memcpy)
D:/nxp/MCUXpressoIDE_25.6.136/ide/plugins/com.nxp.mcuxpresso.tools.win32_25.6.0.202501151204/tools/bin/../lib/gcc/arm-none-eabi/14.2.1/../../../../arm-none-eabi/lib/thumb/v8-m.main+fp/hard\libcr_c.a(memset.o)
                              ./utilities/debug_console/fsl_debug_console.o (memset)
D:/nxp/MCUXpressoIDE_25.6.136/ide/plugins/com.nxp.mcuxpresso.tools.win32_25.6.0.202501151204/tools/bin/../lib/gcc/arm-none-eabi/14.2.1/../../../../arm-none-eabi/lib/thumb/v8-m.main+fp/hard\libcr_c.a(alloc.o)
                              ./drivers/fsl_common.o (malloc)
D:/nxp/MCUXpressoIDE_25.6.136/ide/plugins/com.nxp.mcuxpresso.tools.win32_25.6.0.202501151204/tools/bin/../lib/gcc/arm-none-eabi/14.2.1/../../../../arm-none-eabi/lib/thumb/v8-m.main+fp/hard\libcr_c.a(errno.o)
                              ./utilities/str/fsl_str.o (errno)
D:/nxp/MCUXpressoIDE_25.6.136/ide/plugins/com.nxp.mcuxpresso.tools.win32_25.6.0.202501151204/tools/bin/../lib/gcc/arm-none-eabi/14.2.1/../../../../arm-none-eabi/lib/thumb/v8-m.main+fp/hard\libcr_c.a(initio.o)
                              D:/nxp/MCUXpressoIDE_25.6.136/ide/plugins/com.nxp.mcuxpresso.tools.win32_25.6.0.202501151204/tools/bin/../lib/gcc/arm-none-eabi/14.2.1/../../../../arm-none-eabi/lib/thumb/v8-m.main+fp/hard\libcr_nohost_nf.a(_cr__main.o) (_initio)
D:/nxp/MCUXpressoIDE_25.6.136/ide/plugins/com.nxp.mcuxpresso.tools.win32_25.6.0.202501151204/tools/bin/../lib/gcc/arm-none-eabi/14.2.1/../../../../arm-none-eabi/lib/thumb/v8-m.main+fp/hard\libcr_c.a(scanf.o)
                              ./utilities/str/fsl_str.o (strtoul)
D:/nxp/MCUXpressoIDE_25.6.136/ide/plugins/com.nxp.mcuxpresso.tools.win32_25.6.0.202501151204/tools/bin/../lib/gcc/arm-none-eabi/14.2.1/../../../../arm-none-eabi/lib/thumb/v8-m.main+fp/hard\libcr_c.a(setvbuf.o)
                              D:/nxp/MCUXpressoIDE_25.6.136/ide/plugins/com.nxp.mcuxpresso.tools.win32_25.6.0.202501151204/tools/bin/../lib/gcc/arm-none-eabi/14.2.1/../../../../arm-none-eabi/lib/thumb/v8-m.main+fp/hard\libcr_c.a(initio.o) (setvbuf)
D:/nxp/MCUXpressoIDE_25.6.136/ide/plugins/com.nxp.mcuxpresso.tools.win32_25.6.0.202501151204/tools/bin/../lib/gcc/arm-none-eabi/14.2.1/../../../../arm-none-eabi/lib/thumb/v8-m.main+fp/hard\libcr_c.a(strlen.o)
                              ./utilities/str/fsl_str.o (strlen)
D:/nxp/MCUXpressoIDE_25.6.136/ide/plugins/com.nxp.mcuxpresso.tools.win32_25.6.0.202501151204/tools/bin/../lib/gcc/arm-none-eabi/14.2.1/../../../../arm-none-eabi/lib/thumb/v8-m.main+fp/hard\libcr_c.a(ungetc.o)
                              D:/nxp/MCUXpressoIDE_25.6.136/ide/plugins/com.nxp.mcuxpresso.tools.win32_25.6.0.202501151204/tools/bin/../lib/gcc/arm-none-eabi/14.2.1/../../../../arm-none-eabi/lib/thumb/v8-m.main+fp/hard\libcr_c.a(scanf.o) (ungetc)
D:/nxp/MCUXpressoIDE_25.6.136/ide/plugins/com.nxp.mcuxpresso.tools.win32_25.6.0.202501151204/tools/bin/../lib/gcc/arm-none-eabi/14.2.1/../../../../arm-none-eabi/lib/thumb/v8-m.main+fp/hard\libcr_c.a(__fillbuf.o)
                              D:/nxp/MCUXpressoIDE_25.6.136/ide/plugins/com.nxp.mcuxpresso.tools.win32_25.6.0.202501151204/tools/bin/../lib/gcc/arm-none-eabi/14.2.1/../../../../arm-none-eabi/lib/thumb/v8-m.main+fp/hard\libcr_c.a(scanf.o) (__filbuf)
D:/nxp/MCUXpressoIDE_25.6.136/ide/plugins/com.nxp.mcuxpresso.tools.win32_25.6.0.202501151204/tools/bin/../lib/gcc/arm-none-eabi/14.2.1/../../../../arm-none-eabi/lib/thumb/v8-m.main+fp/hard\libcr_c.a(__init_alloc.o)
                              D:/nxp/MCUXpressoIDE_25.6.136/ide/plugins/com.nxp.mcuxpresso.tools.win32_25.6.0.202501151204/tools/bin/../lib/gcc/arm-none-eabi/14.2.1/../../../../arm-none-eabi/lib/thumb/v8-m.main+fp/hard\libcr_c.a(alloc.o) (__heaps)
D:/nxp/MCUXpressoIDE_25.6.136/ide/plugins/com.nxp.mcuxpresso.tools.win32_25.6.0.202501151204/tools/bin/../lib/gcc/arm-none-eabi/14.2.1/../../../../arm-none-eabi/lib/thumb/v8-m.main+fp/hard\libcr_c.a(_cr_sbrk.o)
                              D:/nxp/MCUXpressoIDE_25.6.136/ide/plugins/com.nxp.mcuxpresso.tools.win32_25.6.0.202501151204/tools/bin/../lib/gcc/arm-none-eabi/14.2.1/../../../../arm-none-eabi/lib/thumb/v8-m.main+fp/hard\libcr_c.a(alloc.o) (_sbrk)
D:/nxp/MCUXpressoIDE_25.6.136/ide/plugins/com.nxp.mcuxpresso.tools.win32_25.6.0.202501151204/tools/bin/../lib/gcc/arm-none-eabi/14.2.1/../../../../arm-none-eabi/lib/thumb/v8-m.main+fp/hard\libcr_c.a(_deferredlazyseek.o)
[...]
Memory Configuration

Name             Origin             Length             Attributes
PROGRAM_FLASH    0x00000000         0x000fe000         xr
SRAM             0x20000000         0x0003c000         xrw
SRAMX1           0x04002000         0x00002000         xrw
SRAMX0           0x04000000         0x00002000         xrw
*default*        0x00000000         0xffffffff

Linker script and memory map

LOAD ./utilities/str/fsl_str.o
LOAD ./utilities/debug_console/fsl_debug_console.o
LOAD ./utilities/fsl_assert.o
LOAD ./startup/startup_MCXA176.o
LOAD ./source/MCXA176_UartDmaDemo.o
LOAD ./source/semihost_hardfault.o
LOAD ./drivers/fsl_clock.o
LOAD ./drivers/fsl_common.o
LOAD ./drivers/fsl_common_arm.o
LOAD ./drivers/fsl_dac.o
LOAD ./drivers/fsl_edma.o
LOAD ./drivers/fsl_edma_soc.o
LOAD ./drivers/fsl_gpio.o
LOAD ./drivers/fsl_lpuart.o
LOAD ./drivers/fsl_lpuart_edma.o
LOAD ./drivers/fsl_reset.o
LOAD ./drivers/fsl_spc.o
LOAD ./device/system_MCXA176.o
LOAD ./component/uart/fsl_adapter_lpuart.o
LOAD ./component/serial_manager/fsl_component_serial_manager.o
LOAD ./component/serial_manager/fsl_component_serial_port_uart.o
LOAD ./component/lists/fsl_component_generic_list.o
LOAD ./board/board.o
LOAD ./board/clock_config.o
LOAD ./board/peripherals.o
LOAD ./board/pin_mux.o
START GROUP
LOAD D:/nxp/MCUXpressoIDE_25.6.136/ide/plugins/com.nxp.mcuxpresso.tools.win32_25.6.0.202501151204/tools/bin/../lib/gcc/arm-none-eabi/14.2.1/../../../../arm-none-eabi/lib/thumb/v8-m.main+fp/hard\libcr_nohost_nf.a
LOAD D:/nxp/MCUXpressoIDE_25.6.136/ide/plugins/com.nxp.mcuxpresso.tools.win32_25.6.0.202501151204/tools/bin/../lib/gcc/arm-none-eabi/14.2.1/../../../../arm-none-eabi/lib/thumb/v8-m.main+fp/hard\libcr_c.a
LOAD D:/nxp/MCUXpressoIDE_25.6.136/ide/plugins/com.nxp.mcuxpresso.tools.win32_25.6.0.202501151204/tools/bin/../lib/gcc/arm-none-eabi/14.2.1/thumb/v8-m.main+fp/hard\libcr_eabihelpers.a
LOAD D:/nxp/MCUXpressoIDE_25.6.136/ide/plugins/com.nxp.mcuxpresso.tools.win32_25.6.0.202501151204/tools/bin/../lib/gcc/arm-none-eabi/14.2.1/thumb/v8-m.main+fp/hard\libgcc.a
END GROUP
                0x00000000                        __base_PROGRAM_FLASH = 0x0
                0x00000000                        __base_Flash = 0x0
                0x000fe000                        __top_PROGRAM_FLASH = 0xfe000
                0x000fe000                        __top_Flash = 0xfe000
                0x20000000                        __base_SRAM = 0x20000000
                0x20000000                        __base_RAM = 0x20000000
                0x2003c000                        __top_SRAM = 0x2003c000
                0x2003c000                        __top_RAM = 0x2003c000
                0x04002000                        __base_SRAMX1 = 0x4002000
                0x04002000                        __base_RAM2 = 0x4002000
                0x04004000                        __top_SRAMX1 = 0x4004000
                0x04004000                        __top_RAM2 = 0x4004000
                0x04000000                        __base_SRAMX0 = 0x4000000
                0x04000000                        __base_RAM3 = 0x4000000
                0x04002000                        __top_SRAMX0 = 0x4002000
                0x04002000                        __top_RAM3 = 0x4002000

.text           0x00000000     0x4eb4
 FILL mask 0xff
                0x00000000                        __vectors_start__ = ABSOLUTE (.)
 *(SORT_BY_ALIGNMENT(.isr_vector))
 .isr_vector    0x00000000      0x224 ./startup/startup_MCXA176.o
                0x00000000                g_pfnVectors
                0x00000000                __Vectors
                0x00000224                        . = ALIGN (0x4)
                0x00000224                        __section_table_start = .
                0x00000224                        __data_section_table = .
                0x00000224        0x4 LONG 0x4eb4 LOADADDR (.data)
                0x00000228        0x4 LONG 0x20000000 ADDR (.data)
                0x0000022c        0x4 LONG 0x30 SIZEOF (.data)
                0x00000230        0x4 LONG 0x4eb4 LOADADDR (.data_RAM2)
                0x00000234        0x4 LONG 0x4002000 ADDR (.data_RAM2)
                0x00000238        0x4 LONG 0x0 SIZEOF (.data_RAM2)
                0x0000023c        0x4 LONG 0x4eb4 LOADADDR (.data_RAM3)
                0x00000240        0x4 LONG 0x4000000 ADDR (.data_RAM3)
                0x00000244        0x4 LONG 0x0 SIZEOF (.data_RAM3)
                0x00000248                        __data_section_table_end = .
                0x00000248                        __bss_section_table = .
                0x00000248        0x4 LONG 0x20000030 ADDR (.bss)
                0x0000024c        0x4 LONG 0x18c SIZEOF (.bss)
                0x00000250        0x4 LONG 0x4002000 ADDR (.bss_RAM2)
                0x00000254        0x4 LONG 0x0 SIZEOF (.bss_RAM2)
                0x00000258        0x4 LONG 0x4000000 ADDR (.bss_RAM3)
                0x0000025c        0x4 LONG 0x0 SIZEOF (.bss_RAM3)
                0x00000260                        __bss_section_table_end = .
                0x00000260                        __section_table_end = .
 *(SORT_BY_ALIGNMENT(.after_vectors*))
 .after_vectors.reset
                0x00000260       0x28 ./startup/startup_MCXA176.o
                0x00000260                ResetISR
 .after_vectors.init_data
                0x00000288       0x1e ./startup/startup_MCXA176.o
                0x00000288                data_init
 .after_vectors.init_bss
                0x000002a6       0x12 ./startup/startup_MCXA176.o
                0x000002a6                bss_init
 .after_vectors
                0x000002b8       0x16 ./startup/startup_MCXA176.o
                0x000002b8                NMI_Handler
                0x000002bc                MemManage_Handler
                0x000002be                BusFault_Handler
                0x000002c0                UsageFault_Handler
                0x000002c2                SecureFault_Handler
                0x000002c4                SVC_Handler
                0x000002c6                DebugMon_Handler
                0x000002c8                PendSV_Handler
                0x000002ca                SysTick_Handler
                0x000002cc                MBC0_DriverIRQHandler
                0x000002cc                EQDC0_COMPARE_DriverIRQHandler
                0x000002cc                EQDC1_COMPARE_DriverIRQHandler
                0x000002cc                Reserved119_DriverIRQHandler
                0x000002cc                WAKETIMER0_DriverIRQHandler
                0x000002cc                MAU_DriverIRQHandler
                0x000002cc                FLEXPWM1_SUBMODULE1_DriverIRQHandler
                0x000002cc                FLEXPWM0_SUBMODULE1_DriverIRQHandler
                0x000002cc                LPTMR0_DriverIRQHandler
                0x000002cc                I3C0_DriverIRQHandler
                0x000002cc                LPI2C0_DriverIRQHandler
                0x000002cc                FLEXPWM0_RELOAD_ERROR_DriverIRQHandler
                0x000002cc                Reserved133_DriverIRQHandler
                0x000002cc                Reserved112_DriverIRQHandler
                0x000002cc                Reserved82_DriverIRQHandler
                0x000002cc                Reserved122_DriverIRQHandler
                0x000002cc                Reserved111_DriverIRQHandler
                0x000002cc                Reserved110_DriverIRQHandler
                0x000002cc                LPI2C3_DriverIRQHandler
                0x000002cc                ERM0_MULTI_BIT_DriverIRQHandler
                0x000002cc                Reserved109_DriverIRQHandler
                0x000002cc                Reserved36_DriverIRQHandler
                0x000002cc                EQDC1_INDEX_DriverIRQHandler
                0x000002cc                FLEXPWM1_SUBMODULE3_DriverIRQHandler
                0x000002cc                CTIMER2_DriverIRQHandler
                0x000002cc                Reserved105_DriverIRQHandler
                0x000002cc                Reserved117_DriverIRQHandler
                0x000002cc                CMP1_DriverIRQHandler
                0x000002cc                WUU0_DriverIRQHandler
                0x000002cc                DefaultISR
                0x000002cc                USB0_DriverIRQHandler
                0x000002cc                FLEXIO_DriverIRQHandler
                0x000002cc                DAC0_DriverIRQHandler
                0x000002cc                UTICK0_DriverIRQHandler
                0x000002cc                Reserved41_DriverIRQHandler
                0x000002cc                FLEXPWM0_SUBMODULE2_DriverIRQHandler
                0x000002cc                WWDT0_DriverIRQHandler
                0x000002cc                Reserved114_DriverIRQHandler
                0x000002cc                Reserved84_DriverIRQHandler
                0x000002cc                CTIMER4_DriverIRQHandler
                0x000002cc                FLEXPWM0_FAULT_DriverIRQHandler
                0x000002cc                GPIO0_DriverIRQHandler
                0x000002cc                Reserved38_DriverIRQHandler
                0x000002cc                FREQME0_DriverIRQHandler
                0x000002cc                Reserved53_DriverIRQHandler
                0x000002cc                FLEXPWM1_FAULT_DriverIRQHandler
                0x000002cc                EQDC0_HOME_DriverIRQHandler
                0x000002cc                CTIMER0_DriverIRQHandler
                0x000002cc                CTIMER1_DriverIRQHandler
                0x000002cc                GPIO4_DriverIRQHandler
                0x000002cc                ADC1_DriverIRQHandler
                0x000002cc                RTC_1HZ_DriverIRQHandler
                0x000002cc                Reserved92_DriverIRQHandler
                0x000002cc                CTIMER3_DriverIRQHandler
                0x000002cc                FLEXPWM1_SUBMODULE0_DriverIRQHandler
                0x000002cc                CDOG1_DriverIRQHandler
                0x000002cc                LPSPI0_DriverIRQHandler
                0x000002cc                Reserved130_DriverIRQHandler
                0x000002cc                Reserved72_DriverIRQHandler
                0x000002cc                RTC_DriverIRQHandler
                0x000002cc                ERM0_SINGLE_BIT_DriverIRQHandler
                0x000002cc                Reserved126_DriverIRQHandler
                0x000002cc                Reserved134_DriverIRQHandler
                0x000002cc                EQDC1_HOME_DriverIRQHandler
                0x000002cc                CMC_DriverIRQHandler
                0x000002cc                EQDC1_WATCHDOG_DriverIRQHandler
                0x000002cc                FLEXPWM1_RELOAD_ERROR_DriverIRQHandler
                0x000002cc                LPI2C1_DriverIRQHandler
                0x000002cc                FMU0_DriverIRQHandler
                0x000002cc                EQDC0_INDEX_DriverIRQHandler
                0x000002cc                Reserved128_DriverIRQHandler
                0x000002cc                Reserved118_DriverIRQHandler
                0x000002cc                LPSPI1_DriverIRQHandler
                0x000002cc                Reserved77_DriverIRQHandler
                0x000002cc                FLEXPWM1_SUBMODULE2_DriverIRQHandler
                0x000002cc                Reserved131_DriverIRQHandler
                0x000002cc                Reserved16_DriverIRQHandler
                0x000002cc                Reserved127_DriverIRQHandler
                0x000002cc                GPIO2_DriverIRQHandler
                0x000002cc                Reserved85_DriverIRQHandler
                0x000002cc                FLEXPWM0_SUBMODULE3_DriverIRQHandler
                0x000002cc                ADC0_DriverIRQHandler
                0x000002cc                Reserved129_DriverIRQHandler
                0x000002cc                Reserved113_DriverIRQHandler
                0x000002cc                CMP0_DriverIRQHandler
                0x000002cc                CDOG0_DriverIRQHandler
                0x000002cc                CAN0_DriverIRQHandler
                0x000002cc                Reserved116_DriverIRQHandler
                0x000002cc                SMARTDMA_DriverIRQHandler
                0x000002cc                TDET_DriverIRQHandler
                0x000002cc                Reserved106_DriverIRQHandler
                0x000002cc                Reserved132_DriverIRQHandler
                0x000002cc                Reserved120_DriverIRQHandler
                0x000002cc                Reserved115_DriverIRQHandler
                0x000002cc                SPC0_DriverIRQHandler
                0x000002cc                GLIKEY0_DriverIRQHandler
                0x000002cc                Reserved107_DriverIRQHandler
                0x000002cc                Reserved46_DriverIRQHandler
                0x000002cc                Reserved37_DriverIRQHandler
                0x000002cc                EQDC0_WATCHDOG_DriverIRQHandler
                0x000002cc                LPI2C2_DriverIRQHandler
                0x000002cc                Reserved86_DriverIRQHandler
                0x000002cc                GPIO1_DriverIRQHandler
                0x000002cc                Reserved121_DriverIRQHandler
                0x000002cc                FLEXPWM0_SUBMODULE0_DriverIRQHandler
                0x000002cc                OS_EVENT_DriverIRQHandler
                0x000002cc                Reserved108_DriverIRQHandler
                0x000002cc                SCG0_DriverIRQHandler
                0x000002cc                GPIO3_DriverIRQHandler
 *(SORT_BY_ALIGNMENT(.text*))
 *fill*         0x000002ce        0x2 ff
 .text.DbgConsole_SendDataReliable
                0x000002d0       0x54 ./utilities/debug_console/fsl_debug_console.o
                0x000002d0                DbgConsole_SendDataReliable
 .text.DbgConsole_Vprintf
                0x00000324       0x68 ./utilities/debug_console/fsl_debug_console.o
                0x00000324                DbgConsole_Vprintf
 .text.__assertion_failed
                0x0000038c       0x3c ./utilities/fsl_assert.o
                0x0000038c                __assertion_failed
 .text.Reset_Handler_C
                0x000003c8       0x4c ./startup/startup_MCXA176.o
                0x000003c8                Reset_Handler_C
 .text.main     0x00000414       0x38 ./source/MCXA176_UartDmaDemo.o
                0x00000414                main
 .text.CLOCK_IsPLL1Locked
                0x0000044c       0x28 ./drivers/fsl_clock.o
 .text.CLOCK_SetClockSelect
                0x00000474       0x98 ./drivers/fsl_clock.o
                0x00000474                CLOCK_SetClockSelect
 .text.CLOCK_SetClockDiv
                0x0000050c       0xc8 ./drivers/fsl_clock.o
                0x0000050c                CLOCK_SetClockDiv
 .text.CLOCK_SetupFROHFClocking
                0x000005d4      0x174 ./drivers/fsl_clock.o
                0x000005d4                CLOCK_SetupFROHFClocking
 .text.CLOCK_SetupFRO12MClocking
                0x00000748       0x68 ./drivers/fsl_clock.o
                0x00000748                CLOCK_SetupFRO12MClocking
 .text.CLOCK_GetFro12MFreq
                0x000007b0       0x2c ./drivers/fsl_clock.o
 .text.CLOCK_GetFroHfFreq
                0x000007dc       0xa0 ./drivers/fsl_clock.o
 .text.CLOCK_GetClk45MFreq
                0x0000087c       0x2c ./drivers/fsl_clock.o
 .text.CLOCK_GetClk16KFreq
                0x000008a8       0x48 ./drivers/fsl_clock.o
 .text.CLOCK_GetExtClkFreq
                0x000008f0       0x2c ./drivers/fsl_clock.o
 .text.CLOCK_GetMainClk
                0x0000091c       0x78 ./drivers/fsl_clock.o
                0x0000091c                CLOCK_GetMainClk
 .text.CLOCK_GetCoreSysClkFreq
                0x00000994       0x20 ./drivers/fsl_clock.o
                0x00000994                CLOCK_GetCoreSysClkFreq
 .text.CLOCK_GetPLL1InClockRate
                0x000009b4       0x54 ./drivers/fsl_clock.o
                0x000009b4                CLOCK_GetPLL1InClockRate
 .text.findPll1PreDiv
                0x00000a08       0x40 ./drivers/fsl_clock.o
 .text.findPll1PostDiv
                0x00000a48       0x60 ./drivers/fsl_clock.o
 .text.findPll1MMult
                0x00000aa8       0xac ./drivers/fsl_clock.o
 .text.CLOCK_EnableClock
                0x00000b54       0xb0 ./drivers/fsl_dac.o
 .text.DAC_GetInstance
                0x00000c04       0x44 ./drivers/fsl_dac.o
 .text.DAC_Init
                0x00000c48      0x148 ./drivers/fsl_dac.o
                0x00000c48                DAC_Init
 .text.__NVIC_EnableIRQ
                0x00000d90       0x3c ./drivers/fsl_edma.o
 .text.CLOCK_EnableClock
                0x00000dcc       0xb0 ./drivers/fsl_edma.o
 .text.EDMA_SetChannelMux
                0x00000e7c       0x4c ./drivers/fsl_edma.o
 .text.EDMA_EnableChannelMasterIDReplication
                0x00000ec8       0x70 ./drivers/fsl_edma.o
 .text.EDMA_SetChannelProtectionLevel
                0x00000f38       0x70 ./drivers/fsl_edma.o
 .text.EDMA_GetInstance
                0x00000fa8       0x44 ./drivers/fsl_edma.o
 .text.EDMA_Init
                0x00000fec       0xe4 ./drivers/fsl_edma.o
                0x00000fec                EDMA_Init
 .text.EDMA_InitChannel
                0x000010d0       0x64 ./drivers/fsl_edma.o
                0x000010d0                EDMA_InitChannel
 .text.EDMA_SetChannelPreemptionConfig
                0x00001134       0x7c ./drivers/fsl_edma.o
                0x00001134                EDMA_SetChannelPreemptionConfig
 .text.EDMA_TcdResetExt
                0x000011b0       0x78 ./drivers/fsl_edma.o
                0x000011b0                EDMA_TcdResetExt
 .text.EDMA_TcdInit
                0x00001228       0x64 ./drivers/fsl_edma.o
                0x00001228                EDMA_TcdInit
 .text.EDMA_CreateHandle
                0x0000128c       0xd0 ./drivers/fsl_edma.o
                0x0000128c                EDMA_CreateHandle
 .text.EDMA_SetCallback
                0x0000135c       0x30 ./drivers/fsl_edma.o
                0x0000135c                EDMA_SetCallback
 .text.EDMA_StopTransfer
                0x0000138c       0x34 ./drivers/fsl_edma.o
                0x0000138c                EDMA_StopTransfer
 .text.EDMA_HandleIRQ
                0x000013c0      0x1bc ./drivers/fsl_edma.o
                0x000013c0                EDMA_HandleIRQ
 .text.EDMA_DriverIRQHandler
                0x0000157c       0x54 ./drivers/fsl_edma.o
                0x0000157c                EDMA_DriverIRQHandler
 .text.CLOCK_EnableClock
                0x000015d0       0xb0 ./drivers/fsl_gpio.o
 .text.CLOCK_DisableClock
                0x00001680       0xd0 ./drivers/fsl_gpio.o
 .text.GPIO_GetInstance
                0x00001750       0x4c ./drivers/fsl_gpio.o
 .text.GPIO_PortClockEnable
                0x0000179c       0x54 ./drivers/fsl_gpio.o
 .text.GPIO_PinInit
                0x000017f0       0x6c ./drivers/fsl_gpio.o
                0x000017f0                GPIO_PinInit
 .text.CLOCK_EnableClock
                0x0000185c       0xb0 ./drivers/fsl_lpuart.o
 .text.LPUART_GetInstance
                0x0000190c       0x4c ./drivers/fsl_lpuart.o
                0x0000190c                LPUART_GetInstance
 .text.LPUART_Init
                0x00001958      0x3d4 ./drivers/fsl_lpuart.o
                0x00001958                LPUART_Init
 .text.LPUART_EnableInterrupts
                0x00001d2c       0xa8 ./drivers/fsl_lpuart.o
                0x00001d2c                LPUART_EnableInterrupts
 .text.LPUART_DisableInterrupts
                0x00001dd4       0xac ./drivers/fsl_lpuart.o
                0x00001dd4                LPUART_DisableInterrupts
 .text.LPUART_GetStatusFlags
                0x00001e80       0x38 ./drivers/fsl_lpuart.o
                0x00001e80                LPUART_GetStatusFlags
 .text.LPUART_WriteBlocking
                0x00001eb8       0x68 ./drivers/fsl_lpuart.o
                0x00001eb8                LPUART_WriteBlocking
 .text.LPUART0_DriverIRQHandler
                0x00001f20       0x24 ./drivers/fsl_lpuart.o
                0x00001f20                LPUART0_DriverIRQHandler
 .text.LPUART1_DriverIRQHandler
                0x00001f44       0x24 ./drivers/fsl_lpuart.o
                0x00001f44                LPUART1_DriverIRQHandler
 .text.LPUART2_DriverIRQHandler
                0x00001f68       0x24 ./drivers/fsl_lpuart.o
                0x00001f68                LPUART2_DriverIRQHandler
 .text.LPUART3_DriverIRQHandler
                0x00001f8c       0x24 ./drivers/fsl_lpuart.o
                0x00001f8c                LPUART3_DriverIRQHandler
 .text.LPUART4_DriverIRQHandler
                0x00001fb0       0x24 ./drivers/fsl_lpuart.o
                0x00001fb0                LPUART4_DriverIRQHandler
 .text.__NVIC_EnableIRQ
                0x00001fd4       0x3c ./drivers/fsl_lpuart_edma.o
 .text.LPUART_SendEDMACallback
                0x00002010       0x54 ./drivers/fsl_lpuart_edma.o
 .text.LPUART_ReceiveEDMACallback
                0x00002064       0x68 ./drivers/fsl_lpuart_edma.o
 .text.LPUART_TransferCreateHandleEDMA
                0x000020cc      0x104 ./drivers/fsl_lpuart_edma.o
                0x000020cc                LPUART_TransferCreateHandleEDMA
 .text.LPUART_TransferAbortReceiveEDMA
                0x000021d0       0x4c ./drivers/fsl_lpuart_edma.o
                0x000021d0                LPUART_TransferAbortReceiveEDMA
 .text.LPUART_TransferEdmaHandleIRQ
                0x0000221c       0x60 ./drivers/fsl_lpuart_edma.o
                0x0000221c                LPUART_TransferEdmaHandleIRQ
 .text.RESET_SetPeripheralReset
                0x0000227c       0xcc ./drivers/fsl_reset.o
                0x0000227c                RESET_SetPeripheralReset
 .text.SPC_SetSRAMOperateVoltage
                0x00002348       0x58 ./drivers/fsl_spc.o
                0x00002348                SPC_SetSRAMOperateVoltage
 .text.SPC_SetActiveModeCoreLDORegulatorConfig
                0x000023a0       0x84 ./drivers/fsl_spc.o
                0x000023a0                SPC_SetActiveModeCoreLDORegulatorConfig
 .text.SystemInit
                0x00002424       0x9c ./device/system_MCXA176.o
                0x00002424                SystemInit
 .text.HAL_UartSendBlocking
                0x000024c0       0x64 ./component/uart/fsl_adapter_lpuart.o
                0x000024c0                HAL_UartSendBlocking
 .text.BOARD_BootClockFROHF180M_InitClockModule
                0x00002524      0x298 ./board/clock_config.o
                0x00002524                BOARD_BootClockFROHF180M_InitClockModule
 .text.BOARD_BootClockFROHF180M
                0x000027bc      0x168 ./board/clock_config.o
                0x000027bc                BOARD_BootClockFROHF180M
 .text.__NVIC_EnableIRQ
                0x00002924       0x3c ./board/peripherals.o
 .text.__NVIC_SetPriority
                0x00002960       0x54 ./board/peripherals.o
 .text.EDMA_SetChannelMux
                0x000029b4       0x4c ./board/peripherals.o
 .text.LPUART1_init
                0x00002a00       0x58 ./board/peripherals.o
 .text.DAC0_init
                0x00002a58       0x34 ./board/peripherals.o
 .text.BOARD_InitPeripherals
                0x00002a8c       0x34 ./board/peripherals.o
                0x00002a8c                BOARD_InitPeripherals
 .text.CLOCK_EnableClock
                0x00002ac0       0xb0 ./board/pin_mux.o
 .text.BOARD_InitPins
                0x00002b70       0xcc ./board/pin_mux.o
                0x00002b70                BOARD_InitPins
 .text._initio  0x00002c3c       0x78 D:/nxp/MCUXpressoIDE_25.6.136/ide/plugins/com.nxp.mcuxpresso.tools.win32_25.6.0.202501151204/tools/bin/../lib/gcc/arm-none-eabi/14.2.1/../../../../arm-none-eabi/lib/thumb/v8-m.main+fp/hard\libcr_c.a(initio.o)
                0x00002c3c                _initio
 .text._Cwritebuf
                0x00002cb4       0x70 D:/nxp/MCUXpressoIDE_25.6.136/ide/plugins/com.nxp.mcuxpresso.tools.win32_25.6.0.202501151204/tools/bin/../lib/gcc/arm-none-eabi/14.2.1/../../../../arm-none-eabi/lib/thumb/v8-m.main+fp/hard\libcr_c.a(_writebuf.o)
                0x00002cb4                _Cwritebuf
 .text.fflush   0x00002d24       0x3c D:/nxp/MCUXpressoIDE_25.6.136/ide/plugins/com.nxp.mcuxpresso.tools.win32_25.6.0.202501151204/tools/bin/../lib/gcc/arm-none-eabi/14.2.1/../../../../arm-none-eabi/lib/thumb/v8-m.main+fp/hard\libcr_c.a(fflush.o)
                0x00002d24                fflush
 .text.fseek    0x00002d60       0xf8 D:/nxp/MCUXpressoIDE_25.6.136/ide/plugins/com.nxp.mcuxpresso.tools.win32_25.6.0.202501151204/tools/bin/../lib/gcc/arm-none-eabi/14.2.1/../../../../arm-none-eabi/lib/thumb/v8-m.main+fp/hard\libcr_c.a(fseek.o)
                0x00002d60                fseek
 .text.ftell    0x00002e58       0x44 D:/nxp/MCUXpressoIDE_25.6.136/ide/plugins/com.nxp.mcuxpresso.tools.win32_25.6.0.202501151204/tools/bin/../lib/gcc/arm-none-eabi/14.2.1/../../../../arm-none-eabi/lib/thumb/v8-m.main+fp/hard\libcr_c.a(ftell.o)
                0x00002e58                ftell
 .text.PrintGetWidth
                0x00002e9c       0x6a ./utilities/str/fsl_str.o
 .text.PrintGetPrecision
                0x00002f06       0x8c ./utilities/str/fsl_str.o
 .text.PrintIsobpu
                0x00002f92       0x38 ./utilities/str/fsl_str.o
 .text.PrintIsdi
                0x00002fca       0x2c ./utilities/str/fsl_str.o
 .text.PrintOutputdifFobpu
                0x00002ff6       0x44 ./utilities/str/fsl_str.o
 .text.PrintOutputxX
                0x0000303a       0x44 ./utilities/str/fsl_str.o
 .text.PrintIsfF
                0x0000307e       0x2c ./utilities/str/fsl_str.o
 .text.PrintIsxX
                0x000030aa       0x2c ./utilities/str/fsl_str.o
 .text.PrintFilterLengthFlag
                0x000030d6       0x3e ./utilities/str/fsl_str.o
 .text.PrintGetRadixFromobpu
                0x00003114       0x40 ./utilities/str/fsl_str.o
 .text.ConvertRadixNumToString
                0x00003154       0xc2 ./utilities/str/fsl_str.o
 .text.StrFormatExaminedi
                0x00003216       0x26 ./utilities/str/fsl_str.o
 .text.StrFormatExaminexX
                0x0000323c       0x26 ./utilities/str/fsl_str.o
 .text.StrFormatExamineobpu
                0x00003262       0x26 ./utilities/str/fsl_str.o
 .text.ConvertPrecisionWidthToLength
                0x00003288       0x20 ./utilities/str/fsl_str.o
 .text.StrFormatPrintf
                0x000032a8      0x2bc ./utilities/str/fsl_str.o
                0x000032a8                StrFormatPrintf
 .text.DbgConsole_PrintCallback
                0x00003564       0x66 ./utilities/debug_console/fsl_debug_console.o
 .text.DbgConsole_Printf
                0x000035ca       0x2c ./utilities/debug_console/fsl_debug_console.o
                0x000035ca                DbgConsole_Printf
 .text.fsl_assert_hook
                0x000035f6       0x1a ./utilities/fsl_assert.o
                0x000035f6                fsl_assert_hook
 .text.Reserved16_IRQHandler
                0x00003610        0x8 ./startup/startup_MCXA176.o
                0x00003610                Reserved16_IRQHandler
 .text.CMC_IRQHandler
                0x00003618        0x8 ./startup/startup_MCXA176.o
                0x00003618                CMC_IRQHandler
 .text.DMA_CH0_IRQHandler
                0x00003620        0x8 ./startup/startup_MCXA176.o
                0x00003620                DMA_CH0_IRQHandler
 .text.DMA_CH1_IRQHandler
                0x00003628        0x8 ./startup/startup_MCXA176.o
                0x00003628                DMA_CH1_IRQHandler
 .text.DMA_CH2_IRQHandler
                0x00003630        0x8 ./startup/startup_MCXA176.o
                0x00003630                DMA_CH2_IRQHandler
 .text.DMA_CH3_IRQHandler
                0x00003638        0x8 ./startup/startup_MCXA176.o
                0x00003638                DMA_CH3_IRQHandler
 .text.DMA_CH4_IRQHandler
                0x00003640        0x8 ./startup/startup_MCXA176.o
                0x00003640                DMA_CH4_IRQHandler
 .text.DMA_CH5_IRQHandler
                0x00003648        0x8 ./startup/startup_MCXA176.o
                0x00003648                DMA_CH5_IRQHandler
 .text.DMA_CH6_IRQHandler
                0x00003650        0x8 ./startup/startup_MCXA176.o
                0x00003650                DMA_CH6_IRQHandler
 .text.DMA_CH7_IRQHandler
                0x00003658        0x8 ./startup/startup_MCXA176.o
                0x00003658                DMA_CH7_IRQHandler
 .text.ERM0_SINGLE_BIT_IRQHandler
                0x00003660        0x8 ./startup/startup_MCXA176.o
                0x00003660                ERM0_SINGLE_BIT_IRQHandler
 .text.ERM0_MULTI_BIT_IRQHandler
                0x00003668        0x8 ./startup/startup_MCXA176.o
                0x00003668                ERM0_MULTI_BIT_IRQHandler
 .text.FMU0_IRQHandler
                0x00003670        0x8 ./startup/startup_MCXA176.o
                0x00003670                FMU0_IRQHandler
 .text.GLIKEY0_IRQHandler
                0x00003678        0x8 ./startup/startup_MCXA176.o
                0x00003678                GLIKEY0_IRQHandler
 .text.MBC0_IRQHandler
                0x00003680        0x8 ./startup/startup_MCXA176.o
                0x00003680                MBC0_IRQHandler
 .text.SCG0_IRQHandler
                0x00003688        0x8 ./startup/startup_MCXA176.o
                0x00003688                SCG0_IRQHandler
 .text.SPC0_IRQHandler
                0x00003690        0x8 ./startup/startup_MCXA176.o
                0x00003690                SPC0_IRQHandler
 .text.TDET_IRQHandler
                0x00003698        0x8 ./startup/startup_MCXA176.o
                0x00003698                TDET_IRQHandler
 .text.WUU0_IRQHandler
                0x000036a0        0x8 ./startup/startup_MCXA176.o
                0x000036a0                WUU0_IRQHandler
 .text.CAN0_IRQHandler
                0x000036a8        0x8 ./startup/startup_MCXA176.o
                0x000036a8                CAN0_IRQHandler
 .text.Reserved36_IRQHandler
                0x000036b0        0x8 ./startup/startup_MCXA176.o
                0x000036b0                Reserved36_IRQHandler
 .text.Reserved37_IRQHandler
                0x000036b8        0x8 ./startup/startup_MCXA176.o
                0x000036b8                Reserved37_IRQHandler
 .text.Reserved38_IRQHandler
                0x000036c0        0x8 ./startup/startup_MCXA176.o
                0x000036c0                Reserved38_IRQHandler
 .text.FLEXIO_IRQHandler
                0x000036c8        0x8 ./startup/startup_MCXA176.o
                0x000036c8                FLEXIO_IRQHandler
 .text.I3C0_IRQHandler
                0x000036d0        0x8 ./startup/startup_MCXA176.o
                0x000036d0                I3C0_IRQHandler
 .text.Reserved41_IRQHandler
                0x000036d8        0x8 ./startup/startup_MCXA176.o
                0x000036d8                Reserved41_IRQHandler
 .text.LPI2C0_IRQHandler
                0x000036e0        0x8 ./startup/startup_MCXA176.o
                0x000036e0                LPI2C0_IRQHandler
 .text.LPI2C1_IRQHandler
                0x000036e8        0x8 ./startup/startup_MCXA176.o
                0x000036e8                LPI2C1_IRQHandler
 .text.LPSPI0_IRQHandler
                0x000036f0        0x8 ./startup/startup_MCXA176.o
                0x000036f0                LPSPI0_IRQHandler
 .text.LPSPI1_IRQHandler
                0x000036f8        0x8 ./startup/startup_MCXA176.o
                0x000036f8                LPSPI1_IRQHandler
 .text.Reserved46_IRQHandler
                0x00003700        0x8 ./startup/startup_MCXA176.o
                0x00003700                Reserved46_IRQHandler
 .text.LPUART0_IRQHandler
                0x00003708        0x8 ./startup/startup_MCXA176.o
                0x00003708                LPUART0_IRQHandler
 .text.LPUART1_IRQHandler
                0x00003710        0x8 ./startup/startup_MCXA176.o
                0x00003710                LPUART1_IRQHandler
 .text.LPUART2_IRQHandler
                0x00003718        0x8 ./startup/startup_MCXA176.o
                0x00003718                LPUART2_IRQHandler
 .text.LPUART3_IRQHandler
                0x00003720        0x8 ./startup/startup_MCXA176.o
                0x00003720                LPUART3_IRQHandler
 .text.LPUART4_IRQHandler
                0x00003728        0x8 ./startup/startup_MCXA176.o
                0x00003728                LPUART4_IRQHandler
 .text.USB0_IRQHandler
                0x00003730        0x8 ./startup/startup_MCXA176.o
                0x00003730                USB0_IRQHandler
 .text.Reserved53_IRQHandler
                0x00003738        0x8 ./startup/startup_MCXA176.o
                0x00003738                Reserved53_IRQHandler
 .text.CDOG0_IRQHandler
                0x00003740        0x8 ./startup/startup_MCXA176.o
                0x00003740                CDOG0_IRQHandler
 .text.CTIMER0_IRQHandler
                0x00003748        0x8 ./startup/startup_MCXA176.o
                0x00003748                CTIMER0_IRQHandler
 .text.CTIMER1_IRQHandler
                0x00003750        0x8 ./startup/startup_MCXA176.o
                0x00003750                CTIMER1_IRQHandler
 .text.CTIMER2_IRQHandler
                0x00003758        0x8 ./startup/startup_MCXA176.o
                0x00003758                CTIMER2_IRQHandler
 .text.CTIMER3_IRQHandler
                0x00003760        0x8 ./startup/startup_MCXA176.o
                0x00003760                CTIMER3_IRQHandler
 .text.CTIMER4_IRQHandler
                0x00003768        0x8 ./startup/startup_MCXA176.o
                0x00003768                CTIMER4_IRQHandler
 .text.FLEXPWM0_RELOAD_ERROR_IRQHandler
                0x00003770        0x8 ./startup/startup_MCXA176.o
                0x00003770                FLEXPWM0_RELOAD_ERROR_IRQHandler
 .text.FLEXPWM0_FAULT_IRQHandler
                0x00003778        0x8 ./startup/startup_MCXA176.o
                0x00003778                FLEXPWM0_FAULT_IRQHandler
 .text.FLEXPWM0_SUBMODULE0_IRQHandler
                0x00003780        0x8 ./startup/startup_MCXA176.o
                0x00003780                FLEXPWM0_SUBMODULE0_IRQHandler
 .text.FLEXPWM0_SUBMODULE1_IRQHandler
                0x00003788        0x8 ./startup/startup_MCXA176.o
                0x00003788                FLEXPWM0_SUBMODULE1_IRQHandler
 .text.FLEXPWM0_SUBMODULE2_IRQHandler
                0x00003790        0x8 ./startup/startup_MCXA176.o
                0x00003790                FLEXPWM0_SUBMODULE2_IRQHandler
 .text.FLEXPWM0_SUBMODULE3_IRQHandler
                0x00003798        0x8 ./startup/startup_MCXA176.o
                0x00003798                FLEXPWM0_SUBMODULE3_IRQHandler
 .text.EQDC0_COMPARE_IRQHandler
                0x000037a0        0x8 ./startup/startup_MCXA176.o
                0x000037a0                EQDC0_COMPARE_IRQHandler
 .text.EQDC0_HOME_IRQHandler
                0x000037a8        0x8 ./startup/startup_MCXA176.o
                0x000037a8                EQDC0_HOME_IRQHandler
 .text.EQDC0_WATCHDOG_IRQHandler
                0x000037b0        0x8 ./startup/startup_MCXA176.o
                0x000037b0                EQDC0_WATCHDOG_IRQHandler
 .text.EQDC0_INDEX_IRQHandler
                0x000037b8        0x8 ./startup/startup_MCXA176.o
                0x000037b8                EQDC0_INDEX_IRQHandler
 .text.FREQME0_IRQHandler
                0x000037c0        0x8 ./startup/startup_MCXA176.o
                0x000037c0                FREQME0_IRQHandler
 .text.LPTMR0_IRQHandler
                0x000037c8        0x8 ./startup/startup_MCXA176.o
                0x000037c8                LPTMR0_IRQHandler
 .text.Reserved72_IRQHandler
                0x000037d0        0x8 ./startup/startup_MCXA176.o
                0x000037d0                Reserved72_IRQHandler
 .text.OS_EVENT_IRQHandler
                0x000037d8        0x8 ./startup/startup_MCXA176.o
                0x000037d8                OS_EVENT_IRQHandler
 .text.WAKETIMER0_IRQHandler
                0x000037e0        0x8 ./startup/startup_MCXA176.o
                0x000037e0                WAKETIMER0_IRQHandler
 .text.UTICK0_IRQHandler
                0x000037e8        0x8 ./startup/startup_MCXA176.o
                0x000037e8                UTICK0_IRQHandler
 .text.WWDT0_IRQHandler
                0x000037f0        0x8 ./startup/startup_MCXA176.o
                0x000037f0                WWDT0_IRQHandler
 .text.Reserved77_IRQHandler
                0x000037f8        0x8 ./startup/startup_MCXA176.o
                0x000037f8                Reserved77_IRQHandler
 .text.ADC0_IRQHandler
                0x00003800        0x8 ./startup/startup_MCXA176.o
                0x00003800                ADC0_IRQHandler
 .text.ADC1_IRQHandler
                0x00003808        0x8 ./startup/startup_MCXA176.o
                0x00003808                ADC1_IRQHandler
 .text.CMP0_IRQHandler
                0x00003810        0x8 ./startup/startup_MCXA176.o
                0x00003810                CMP0_IRQHandler
 .text.CMP1_IRQHandler
                0x00003818        0x8 ./startup/startup_MCXA176.o
                0x00003818                CMP1_IRQHandler
 .text.Reserved82_IRQHandler
                0x00003820        0x8 ./startup/startup_MCXA176.o
                0x00003820                Reserved82_IRQHandler
 .text.DAC0_IRQHandler
                0x00003828        0x8 ./startup/startup_MCXA176.o
                0x00003828                DAC0_IRQHandler
 .text.Reserved84_IRQHandler
                0x00003830        0x8 ./startup/startup_MCXA176.o
                0x00003830                Reserved84_IRQHandler
 .text.Reserved85_IRQHandler
                0x00003838        0x8 ./startup/startup_MCXA176.o
                0x00003838                Reserved85_IRQHandler
 .text.Reserved86_IRQHandler
                0x00003840        0x8 ./startup/startup_MCXA176.o
                0x00003840                Reserved86_IRQHandler
 .text.GPIO0_IRQHandler
                0x00003848        0x8 ./startup/startup_MCXA176.o
                0x00003848                GPIO0_IRQHandler
 .text.GPIO1_IRQHandler
                0x00003850        0x8 ./startup/startup_MCXA176.o
                0x00003850                GPIO1_IRQHandler
 .text.GPIO2_IRQHandler
                0x00003858        0x8 ./startup/startup_MCXA176.o
                0x00003858                GPIO2_IRQHandler
 .text.GPIO3_IRQHandler
                0x00003860        0x8 ./startup/startup_MCXA176.o
                0x00003860                GPIO3_IRQHandler
 .text.GPIO4_IRQHandler
                0x00003868        0x8 ./startup/startup_MCXA176.o
                0x00003868                GPIO4_IRQHandler
 .text.Reserved92_IRQHandler
                0x00003870        0x8 ./startup/startup_MCXA176.o
                0x00003870                Reserved92_IRQHandler
 .text.LPI2C2_IRQHandler
                0x00003878        0x8 ./startup/startup_MCXA176.o
                0x00003878                LPI2C2_IRQHandler
 .text.LPI2C3_IRQHandler
                0x00003880        0x8 ./startup/startup_MCXA176.o
                0x00003880                LPI2C3_IRQHandler
 .text.FLEXPWM1_RELOAD_ERROR_IRQHandler
                0x00003888        0x8 ./startup/startup_MCXA176.o
                0x00003888                FLEXPWM1_RELOAD_ERROR_IRQHandler
 .text.FLEXPWM1_FAULT_IRQHandler
                0x00003890        0x8 ./startup/startup_MCXA176.o
                0x00003890                FLEXPWM1_FAULT_IRQHandler
 .text.FLEXPWM1_SUBMODULE0_IRQHandler
                0x00003898        0x8 ./startup/startup_MCXA176.o
                0x00003898                FLEXPWM1_SUBMODULE0_IRQHandler
 .text.FLEXPWM1_SUBMODULE1_IRQHandler
                0x000038a0        0x8 ./startup/startup_MCXA176.o
                0x000038a0                FLEXPWM1_SUBMODULE1_IRQHandler
 .text.FLEXPWM1_SUBMODULE2_IRQHandler
                0x000038a8        0x8 ./startup/startup_MCXA176.o
                0x000038a8                FLEXPWM1_SUBMODULE2_IRQHandler
 .text.FLEXPWM1_SUBMODULE3_IRQHandler
                0x000038b0        0x8 ./startup/startup_MCXA176.o
                0x000038b0                FLEXPWM1_SUBMODULE3_IRQHandler
 .text.EQDC1_COMPARE_IRQHandler
                0x000038b8        0x8 ./startup/startup_MCXA176.o
                0x000038b8                EQDC1_COMPARE_IRQHandler
 .text.EQDC1_HOME_IRQHandler
                0x000038c0        0x8 ./startup/startup_MCXA176.o
                0x000038c0                EQDC1_HOME_IRQHandler
 .text.EQDC1_WATCHDOG_IRQHandler
                0x000038c8        0x8 ./startup/startup_MCXA176.o
                0x000038c8                EQDC1_WATCHDOG_IRQHandler
 .text.EQDC1_INDEX_IRQHandler
                0x000038d0        0x8 ./startup/startup_MCXA176.o
                0x000038d0                EQDC1_INDEX_IRQHandler
 .text.Reserved105_IRQHandler
                0x000038d8        0x8 ./startup/startup_MCXA176.o
                0x000038d8                Reserved105_IRQHandler
 .text.Reserved106_IRQHandler
                0x000038e0        0x8 ./startup/startup_MCXA176.o
                0x000038e0                Reserved106_IRQHandler
 .text.Reserved107_IRQHandler
                0x000038e8        0x8 ./startup/startup_MCXA176.o
                0x000038e8                Reserved107_IRQHandler
 .text.Reserved108_IRQHandler
                0x000038f0        0x8 ./startup/startup_MCXA176.o
                0x000038f0                Reserved108_IRQHandler
 .text.Reserved109_IRQHandler
                0x000038f8        0x8 ./startup/startup_MCXA176.o
                0x000038f8                Reserved109_IRQHandler
 .text.Reserved110_IRQHandler
                0x00003900        0x8 ./startup/startup_MCXA176.o
                0x00003900                Reserved110_IRQHandler
 .text.Reserved111_IRQHandler
                0x00003908        0x8 ./startup/startup_MCXA176.o
                0x00003908                Reserved111_IRQHandler
 .text.Reserved112_IRQHandler
                0x00003910        0x8 ./startup/startup_MCXA176.o
                0x00003910                Reserved112_IRQHandler
 .text.Reserved113_IRQHandler
                0x00003918        0x8 ./startup/startup_MCXA176.o
                0x00003918                Reserved113_IRQHandler
 .text.Reserved114_IRQHandler
                0x00003920        0x8 ./startup/startup_MCXA176.o
                0x00003920                Reserved114_IRQHandler
 .text.Reserved115_IRQHandler
                0x00003928        0x8 ./startup/startup_MCXA176.o
                0x00003928                Reserved115_IRQHandler
 .text.Reserved116_IRQHandler
                0x00003930        0x8 ./startup/startup_MCXA176.o
                0x00003930                Reserved116_IRQHandler
 .text.Reserved117_IRQHandler
                0x00003938        0x8 ./startup/startup_MCXA176.o
                0x00003938                Reserved117_IRQHandler
 .text.Reserved118_IRQHandler
                0x00003940        0x8 ./startup/startup_MCXA176.o
                0x00003940                Reserved118_IRQHandler
 .text.Reserved119_IRQHandler
                0x00003948        0x8 ./startup/startup_MCXA176.o
                0x00003948                Reserved119_IRQHandler
 .text.Reserved120_IRQHandler
                0x00003950        0x8 ./startup/startup_MCXA176.o
                0x00003950                Reserved120_IRQHandler
 .text.Reserved121_IRQHandler
                0x00003958        0x8 ./startup/startup_MCXA176.o
                0x00003958                Reserved121_IRQHandler
 .text.Reserved122_IRQHandler
                0x00003960        0x8 ./startup/startup_MCXA176.o
                0x00003960                Reserved122_IRQHandler
 .text.MAU_IRQHandler
                0x00003968        0x8 ./startup/startup_MCXA176.o
                0x00003968                MAU_IRQHandler
 .text.SMARTDMA_IRQHandler
                0x00003970        0x8 ./startup/startup_MCXA176.o
                0x00003970                SMARTDMA_IRQHandler
 .text.CDOG1_IRQHandler
                0x00003978        0x8 ./startup/startup_MCXA176.o
                0x00003978                CDOG1_IRQHandler
 .text.Reserved126_IRQHandler
                0x00003980        0x8 ./startup/startup_MCXA176.o
                0x00003980                Reserved126_IRQHandler
 .text.Reserved127_IRQHandler
                0x00003988        0x8 ./startup/startup_MCXA176.o
                0x00003988                Reserved127_IRQHandler
 .text.Reserved128_IRQHandler
                0x00003990        0x8 ./startup/startup_MCXA176.o
                0x00003990                Reserved128_IRQHandler
 .text.Reserved129_IRQHandler
                0x00003998        0x8 ./startup/startup_MCXA176.o
                0x00003998                Reserved129_IRQHandler
 .text.Reserved130_IRQHandler
                0x000039a0        0x8 ./startup/startup_MCXA176.o
                0x000039a0                Reserved130_IRQHandler
 .text.Reserved131_IRQHandler
                0x000039a8        0x8 ./startup/startup_MCXA176.o
                0x000039a8                Reserved131_IRQHandler
 .text.Reserved132_IRQHandler
                0x000039b0        0x8 ./startup/startup_MCXA176.o
                0x000039b0                Reserved132_IRQHandler
 .text.Reserved133_IRQHandler
                0x000039b8        0x8 ./startup/startup_MCXA176.o
                0x000039b8                Reserved133_IRQHandler
 .text.Reserved134_IRQHandler
                0x000039c0        0x8 ./startup/startup_MCXA176.o
                0x000039c0                Reserved134_IRQHandler
 .text.RTC_IRQHandler
                0x000039c8        0x8 ./startup/startup_MCXA176.o
                0x000039c8                RTC_IRQHandler
 .text.RTC_1HZ_IRQHandler
                0x000039d0        0x8 ./startup/startup_MCXA176.o
                0x000039d0                RTC_1HZ_IRQHandler
 .text.GPIO_PinWrite
                0x000039d8       0x36 ./source/MCXA176_UartDmaDemo.o
 .text.DAC_SetData
                0x00003a0e       0x20 ./source/MCXA176_UartDmaDemo.o
 .text.DAC_DoSoftwareTriggerFIFO
                0x00003a2e       0x1a ./source/MCXA176_UartDmaDemo.o
 .text.HardFault_Handler
                0x00003a48       0x36 ./source/semihost_hardfault.o
                0x00003a48                HardFault_Handler
 .text.CLOCK_AttachClk
                0x00003a7e       0x30 ./drivers/fsl_clock.o
                0x00003a7e                CLOCK_AttachClk
 .text.CLOCK_GetPll1OutFreq
                0x00003aae       0x82 ./drivers/fsl_clock.o
                0x00003aae                CLOCK_GetPll1OutFreq
 .text.RESET_ReleasePeripheralReset
                0x00003b30       0x1a ./drivers/fsl_dac.o
 .text.DAC_SetReset
                0x00003b4a       0x22 ./drivers/fsl_dac.o
 .text.DAC_ClearReset
                0x00003b6c       0x24 ./drivers/fsl_dac.o
 .text.RESET_ReleasePeripheralReset
                0x00003b90       0x1a ./drivers/fsl_edma.o
 .text.EnableIRQ
                0x00003baa       0x32 ./drivers/fsl_edma.o
 .text.EDMA_AbortTransfer
                0x00003bdc       0x40 ./drivers/fsl_edma.o
                0x00003bdc                EDMA_AbortTransfer
 .text.DMA_CH0_DriverIRQHandler
                0x00003c1c       0x10 ./drivers/fsl_edma_soc.o
                0x00003c1c                DMA_CH0_DriverIRQHandler
 .text.DMA_CH1_DriverIRQHandler
                0x00003c2c       0x10 ./drivers/fsl_edma_soc.o
                0x00003c2c                DMA_CH1_DriverIRQHandler
 .text.DMA_CH2_DriverIRQHandler
                0x00003c3c       0x10 ./drivers/fsl_edma_soc.o
                0x00003c3c                DMA_CH2_DriverIRQHandler
 .text.DMA_CH3_DriverIRQHandler
                0x00003c4c       0x10 ./drivers/fsl_edma_soc.o
                0x00003c4c                DMA_CH3_DriverIRQHandler
 .text.DMA_CH4_DriverIRQHandler
                0x00003c5c       0x10 ./drivers/fsl_edma_soc.o
                0x00003c5c                DMA_CH4_DriverIRQHandler
 .text.DMA_CH5_DriverIRQHandler
                0x00003c6c       0x10 ./drivers/fsl_edma_soc.o
                0x00003c6c                DMA_CH5_DriverIRQHandler
 .text.DMA_CH6_DriverIRQHandler
                0x00003c7c       0x10 ./drivers/fsl_edma_soc.o
                0x00003c7c                DMA_CH6_DriverIRQHandler
 .text.DMA_CH7_DriverIRQHandler
                0x00003c8c       0x10 ./drivers/fsl_edma_soc.o
                0x00003c8c                DMA_CH7_DriverIRQHandler
 .text.GPIO_PinWrite
                0x00003c9c       0x36 ./drivers/fsl_gpio.o
 .text.RESET_ReleasePeripheralReset
                0x00003cd2       0x1a ./drivers/fsl_lpuart.o
 .text.DisableGlobalIRQ
                0x00003cec       0x22 ./drivers/fsl_lpuart.o
 .text.EnableGlobalIRQ
                0x00003d0e       0x20 ./drivers/fsl_lpuart.o
 .text.LPUART_SoftwareReset
                0x00003d2e       0x2c ./drivers/fsl_lpuart.o
 .text.EnableIRQ
                0x00003d5a       0x32 ./drivers/fsl_lpuart_edma.o
 .text.LPUART_EnableTxDMA
                0x00003d8c       0x38 ./drivers/fsl_lpuart_edma.o
 .text.LPUART_EnableRxDMA
                0x00003dc4       0x38 ./drivers/fsl_lpuart_edma.o
 .text.SPC_GetActiveModeBandgapMode
                0x00003dfc       0x22 ./drivers/fsl_spc.o
 .text.SPC_GetActiveModeVoltageDetectStatus
                0x00003e1e       0x22 ./drivers/fsl_spc.o
 .text.SPC_GetActiveModeCoreLDOVDDVoltageLevel
                0x00003e40       0x22 ./drivers/fsl_spc.o
 .text.SPC_GetActiveModeCoreLDODriveStrength
                0x00003e62       0x22 ./drivers/fsl_spc.o
 .text.SPC_SetActiveModeCoreLDORegulatorVoltageLevel
                0x00003e84       0x60 ./drivers/fsl_spc.o
                0x00003e84                SPC_SetActiveModeCoreLDORegulatorVoltageLevel
 .text.SPC_SetActiveModeCoreLDORegulatorDriveStrength
                0x00003ee4       0x5e ./drivers/fsl_spc.o
                0x00003ee4                SPC_SetActiveModeCoreLDORegulatorDriveStrength
 .text.SystemInitHook
                0x00003f42        0xe ./device/system_MCXA176.o
                0x00003f42                SystemInitHook
 .text.SerialManager_StartWriting
                0x00003f50       0x38 ./component/serial_manager/fsl_component_serial_manager.o
 .text.SerialManager_Write
                0x00003f88       0x44 ./component/serial_manager/fsl_component_serial_manager.o
 .text.SerialManager_WriteBlocking
                0x00003fcc       0x20 ./component/serial_manager/fsl_component_serial_manager.o
                0x00003fcc                SerialManager_WriteBlocking
 .text.Serial_UartWrite
                0x00003fec       0x38 ./component/serial_manager/fsl_component_serial_port_uart.o
                0x00003fec                Serial_UartWrite
 .text.BOARD_InitBootClocks
                0x00004024        0xc ./board/clock_config.o
                0x00004024                BOARD_InitBootClocks
 .text.EnableIRQ
                0x00004030       0x32 ./board/peripherals.o
 .text.SPC_EnableActiveModeAnalogModules
                0x00004062       0x26 ./board/peripherals.o
 .text.DAC_Enable
                0x00004088       0x38 ./board/peripherals.o
 .text.DAC_SetData
                0x000040c0       0x20 ./board/peripherals.o
 .text.BOARD_InitPeripherals_CommonPostInit
                0x000040e0       0x24 ./board/peripherals.o
 .text.BOARD_InitBootPeripherals
                0x00004104        0xc ./board/peripherals.o
                0x00004104                BOARD_InitBootPeripherals
 .text.RESET_ReleasePeripheralReset
                0x00004110       0x1a ./board/pin_mux.o
 .text.PORT_SetPinMux
                0x0000412a       0x3e ./board/pin_mux.o
 .text.BOARD_InitBootPins
                0x00004168        0xc ./board/pin_mux.o
                0x00004168                BOARD_InitBootPins
 .text.__main   0x00004174        0xe D:/nxp/MCUXpressoIDE_25.6.136/ide/plugins/com.nxp.mcuxpresso.tools.win32_25.6.0.202501151204/tools/bin/../lib/gcc/arm-none-eabi/14.2.1/../../../../arm-none-eabi/lib/thumb/v8-m.main+fp/hard\libcr_nohost_nf.a(_cr__main.o)
                0x00004174                __main
 .text.memcpy   0x00004182        0x4 D:/nxp/MCUXpressoIDE_25.6.136/ide/plugins/com.nxp.mcuxpresso.tools.win32_25.6.0.202501151204/tools/bin/../lib/gcc/arm-none-eabi/14.2.1/../../../../arm-none-eabi/lib/thumb/v8-m.main+fp/hard\libcr_c.a(memcpy.o)
                0x00004182                memcpy
 .text.memset   0x00004186        0x4 D:/nxp/MCUXpressoIDE_25.6.136/ide/plugins/com.nxp.mcuxpresso.tools.win32_25.6.0.202501151204/tools/bin/../lib/gcc/arm-none-eabi/14.2.1/../../../../arm-none-eabi/lib/thumb/v8-m.main+fp/hard\libcr_c.a(memset.o)
                0x00004186                memset
 .text.free     0x0000418a       0x30 D:/nxp/MCUXpressoIDE_25.6.136/ide/plugins/com.nxp.mcuxpresso.tools.win32_25.6.0.202501151204/tools/bin/../lib/gcc/arm-none-eabi/14.2.1/../../../../arm-none-eabi/lib/thumb/v8-m.main+fp/hard\libcr_c.a(alloc.o)
                0x0000418a                free
 .text.setvbuf  0x000041ba       0x3e D:/nxp/MCUXpressoIDE_25.6.136/ide/plugins/com.nxp.mcuxpresso.tools.win32_25.6.0.202501151204/tools/bin/../lib/gcc/arm-none-eabi/14.2.1/../../../../arm-none-eabi/lib/thumb/v8-m.main+fp/hard\libcr_c.a(setvbuf.o)
                0x000041ba                setvbuf
 .text.strlen   0x000041f8       0x4e D:/nxp/MCUXpressoIDE_25.6.136/ide/plugins/com.nxp.mcuxpresso.tools.win32_25.6.0.202501151204/tools/bin/../lib/gcc/arm-none-eabi/14.2.1/../../../../arm-none-eabi/lib/thumb/v8-m.main+fp/hard\libcr_c.a(strlen.o)
                0x000041f8                strlen
 .text._deferredlazyseek
                0x00004246       0x40 D:/nxp/MCUXpressoIDE_25.6.136/ide/plugins/com.nxp.mcuxpresso.tools.win32_25.6.0.202501151204/tools/bin/../lib/gcc/arm-none-eabi/14.2.1/../../../../arm-none-eabi/lib/thumb/v8-m.main+fp/hard\libcr_c.a(_deferredlazyseek.o)
                0x00004246                _deferredlazyseek
 .text._fdopen  0x00004286       0x68 D:/nxp/MCUXpressoIDE_25.6.136/ide/plugins/com.nxp.mcuxpresso.tools.win32_25.6.0.202501151204/tools/bin/../lib/gcc/arm-none-eabi/14.2.1/../../../../arm-none-eabi/lib/thumb/v8-m.main+fp/hard\libcr_c.a(_fdopen.o)
                0x00004286                _fdopen
 .text._fflush  0x000042ee       0x52 D:/nxp/MCUXpressoIDE_25.6.136/ide/plugins/com.nxp.mcuxpresso.tools.win32_25.6.0.202501151204/tools/bin/../lib/gcc/arm-none-eabi/14.2.1/../../../../arm-none-eabi/lib/thumb/v8-m.main+fp/hard\libcr_c.a(_fflush.o)
                0x000042ee                _fflush
 .text.fclose   0x00004340       0x58 D:/nxp/MCUXpressoIDE_25.6.136/ide/plugins/com.nxp.mcuxpresso.tools.win32_25.6.0.202501151204/tools/bin/../lib/gcc/arm-none-eabi/14.2.1/../../../../arm-none-eabi/lib/thumb/v8-m.main+fp/hard\libcr_c.a(fclose.o)
                0x00004340                fclose
 .text.remove   0x00004398       0x14 D:/nxp/MCUXpressoIDE_25.6.136/ide/plugins/com.nxp.mcuxpresso.tools.win32_25.6.0.202501151204/tools/bin/../lib/gcc/arm-none-eabi/14.2.1/../../../../arm-none-eabi/lib/thumb/v8-m.main+fp/hard\libcr_c.a(remove.o)
                0x00004398                remove
 .text._do_fflush
                0x000043ac       0x40 D:/nxp/MCUXpressoIDE_25.6.136/ide/plugins/com.nxp.mcuxpresso.tools.win32_25.6.0.202501151204/tools/bin/../lib/gcc/arm-none-eabi/14.2.1/../../../../arm-none-eabi/lib/thumb/v8-m.main+fp/hard\libcr_c.a(_do_fflush.o)
                0x000043ac                _do_fflush
 .text.__aeabi_f2ulz
                0x000043ec       0x3e D:/nxp/MCUXpressoIDE_25.6.136/ide/plugins/com.nxp.mcuxpresso.tools.win32_25.6.0.202501151204/tools/bin/../lib/gcc/arm-none-eabi/14.2.1/thumb/v8-m.main+fp/hard\libcr_eabihelpers.a(float.o)
                0x000043ec                __aeabi_f2ulz
 .text.__aeabi_memcpy
                0x0000442a       0x34 D:/nxp/MCUXpressoIDE_25.6.136/ide/plugins/com.nxp.mcuxpresso.tools.win32_25.6.0.202501151204/tools/bin/../lib/gcc/arm-none-eabi/14.2.1/thumb/v8-m.main+fp/hard\libcr_eabihelpers.a(memcpy.o)
                0x0000442a                __aeabi_memcpy
                0x00004434                __aeabi_memcpy8
                0x00004434                __aeabi_memcpy4
 .text.__aeabi_memset_lowlevel
                0x0000445e       0x32 D:/nxp/MCUXpressoIDE_25.6.136/ide/plugins/com.nxp.mcuxpresso.tools.win32_25.6.0.202501151204/tools/bin/../lib/gcc/arm-none-eabi/14.2.1/thumb/v8-m.main+fp/hard\libcr_eabihelpers.a(memcpy.o)
                0x0000445e                __aeabi_lowlevel_memset
 .text.__sys_close
                0x00004490        0x6 D:/nxp/MCUXpressoIDE_25.6.136/ide/plugins/com.nxp.mcuxpresso.tools.win32_25.6.0.202501151204/tools/bin/../lib/gcc/arm-none-eabi/14.2.1/../../../../arm-none-eabi/lib/thumb/v8-m.main+fp/hard\libcr_nohost_nf.a(__sys_close.o)
                0x00004490                __sys_close
 .text.__sys_flen
                0x00004496        0x6 D:/nxp/MCUXpressoIDE_25.6.136/ide/plugins/com.nxp.mcuxpresso.tools.win32_25.6.0.202501151204/tools/bin/../lib/gcc/arm-none-eabi/14.2.1/../../../../arm-none-eabi/lib/thumb/v8-m.main+fp/hard\libcr_nohost_nf.a(__sys_flen.o)
                0x00004496                __sys_flen
 .text.__sys_istty
                0x0000449c        0x6 D:/nxp/MCUXpressoIDE_25.6.136/ide/plugins/com.nxp.mcuxpresso.tools.win32_25.6.0.202501151204/tools/bin/../lib/gcc/arm-none-eabi/14.2.1/../../../../arm-none-eabi/lib/thumb/v8-m.main+fp/hard\libcr_nohost_nf.a(__sys_istty.o)
                0x0000449c                __sys_istty
 .text.__sys_remove
                0x000044a2        0x6 D:/nxp/MCUXpressoIDE_25.6.136/ide/plugins/com.nxp.mcuxpresso.tools.win32_25.6.0.202501151204/tools/bin/../lib/gcc/arm-none-eabi/14.2.1/../../../../arm-none-eabi/lib/thumb/v8-m.main+fp/hard\libcr_nohost_nf.a(__sys_remove.o)
                0x000044a2                __sys_remove
 .text.__sys_seek
                0x000044a8        0x6 D:/nxp/MCUXpressoIDE_25.6.136/ide/plugins/com.nxp.mcuxpresso.tools.win32_25.6.0.202501151204/tools/bin/../lib/gcc/arm-none-eabi/14.2.1/../../../../arm-none-eabi/lib/thumb/v8-m.main+fp/hard\libcr_nohost_nf.a(__sys_seek.o)
                0x000044a8                __sys_seek
 .text.__sys_tmpnam
                0x000044ae        0x6 D:/nxp/MCUXpressoIDE_25.6.136/ide/plugins/com.nxp.mcuxpresso.tools.win32_25.6.0.202501151204/tools/bin/../lib/gcc/arm-none-eabi/14.2.1/../../../../arm-none-eabi/lib/thumb/v8-m.main+fp/hard\libcr_nohost_nf.a(__sys_tmpnam.o)
                0x000044ae                __sys_tmpnam
 .text.__sys_write
                0x000044b4        0x4 D:/nxp/MCUXpressoIDE_25.6.136/ide/plugins/com.nxp.mcuxpresso.tools.win32_25.6.0.202501151204/tools/bin/../lib/gcc/arm-none-eabi/14.2.1/../../../../arm-none-eabi/lib/thumb/v8-m.main+fp/hard\libcr_nohost_nf.a(__sys_write.o)
                0x000044b4                __sys_write
 *(SORT_BY_ALIGNMENT(.rodata) SORT_BY_ALIGNMENT(.rodata.*) SORT_BY_ALIGNMENT(.constdata) SORT_BY_ALIGNMENT(.constdata.*))
 .rodata.__assertion_failed.str1.4
                0x000044b8      0x936 ./utilities/fsl_assert.o
                                 0x14 (size before relaxing)
 .rodata.CLOCK_SetClockSelect.str1.4
                0x00004dee       0x2c ./drivers/fsl_clock.o
 .rodata.CLOCK_SetClockDiv.str1.4
                0x00004dee       0x2c ./drivers/fsl_clock.o
 .rodata.DAC_GetInstance.str1.4
                0x00004dee       0x31 ./drivers/fsl_dac.o
 .rodata.DAC_Init.str1.4
                0x00004dee       0x1e ./drivers/fsl_dac.o
 .rodata.EDMA_SetChannelMux.str1.4
                0x00004dee       0x4e ./drivers/fsl_edma.o
 .rodata.EDMA_EnableChannelMasterIDReplication.str1.4
                0x00004dee       0x4e ./drivers/fsl_edma.o
 .rodata.EDMA_SetChannelProtectionLevel.str1.4
                0x00004dee       0x4e ./drivers/fsl_edma.o
 *fill*         0x00004dee        0x2 ff
 .rodata.s_edmaIRQNumber
                0x00004df0        0x8 ./drivers/fsl_edma.o
 .rodata.EDMA_GetInstance.str1.4
                0x00004df8       0x33 ./drivers/fsl_edma.o
 .rodata.EDMA_Init.str1.4
                0x00004df8       0x20 ./drivers/fsl_edma.o
 .rodata.EDMA_InitChannel.str1.4
                0x00004df8       0x27 ./drivers/fsl_edma.o
 .rodata.EDMA_SetChannelPreemptionConfig.str1.4
                0x00004df8       0x70 ./drivers/fsl_edma.o
 .rodata.EDMA_TcdResetExt.str1.4
                0x00004df8       0x4f ./drivers/fsl_edma.o
 .rodata.EDMA_TcdInit.str1.4
                0x00004df8       0x22 ./drivers/fsl_edma.o
 .rodata.EDMA_CreateHandle.str1.4
                0x00004df8       0x73 ./drivers/fsl_edma.o
 .rodata.EDMA_SetCallback.str1.4
                0x00004df8       0x21 ./drivers/fsl_edma.o
 .rodata.EDMA_StopTransfer.str1.4
                0x00004df8       0x21 ./drivers/fsl_edma.o
 .rodata.EDMA_HandleIRQ.str1.4
                0x00004df8       0x6f ./drivers/fsl_edma.o
 .rodata.s_gpioBases
                0x00004df8       0x14 ./drivers/fsl_gpio.o
 .rodata.s_gpioClockName
                0x00004e0c       0x14 ./drivers/fsl_gpio.o
 .rodata.GPIO_GetInstance.str1.4
                0x00004e20       0x34 ./drivers/fsl_gpio.o
 .rodata.GPIO_PortClockEnable.str1.4
                0x00004e20       0x38 ./drivers/fsl_gpio.o
 .rodata.GPIO_PinInit.str1.4
                0x00004e20       0x20 ./drivers/fsl_gpio.o
 .rodata.s_lpuartBases
                0x00004e20       0x14 ./drivers/fsl_lpuart.o
 .rodata.s_lpuartIRQ
                0x00004e34        0x5 ./drivers/fsl_lpuart.o
                0x00004e34                s_lpuartIRQ
 *fill*         0x00004e39        0x3 ff
 .rodata.s_lpuartClock
                0x00004e3c       0x18 ./drivers/fsl_lpuart.o
 .rodata.s_lpuartResets
                0x00004e54        0xc ./drivers/fsl_lpuart.o
 .rodata.LPUART_GetInstance.str1.4
                0x00004e60       0x38 ./drivers/fsl_lpuart.o
 .rodata.LPUART_Init.str1.4
                0x00004e60      0x1b0 ./drivers/fsl_lpuart.o
 .rodata.LPUART_WriteBlocking.str1.4
                0x00004e60       0x21 ./drivers/fsl_lpuart.o
 .rodata.LPUART_SendEDMACallback.str1.4
                0x00004e60       0x25 ./drivers/fsl_lpuart_edma.o
 .rodata.LPUART_ReceiveEDMACallback.str1.4
                0x00004e60       0x26 ./drivers/fsl_lpuart_edma.o
 .rodata.LPUART_TransferCreateHandleEDMA.str1.4
                0x00004e60       0x27 ./drivers/fsl_lpuart_edma.o
 .rodata.LPUART_TransferAbortReceiveEDMA.str1.4
                0x00004e60       0x5d ./drivers/fsl_lpuart_edma.o
 .rodata.LPUART_TransferEdmaHandleIRQ.str1.4
                0x00004e60       0x31 ./drivers/fsl_lpuart_edma.o
 .rodata.RESET_SetPeripheralReset.str1.4
                0x00004e60       0x3f ./drivers/fsl_reset.o
 .rodata.SPC_SetSRAMOperateVoltage.str1.4
                0x00004e60       0x1f ./drivers/fsl_spc.o
 .rodata.SPC_SetActiveModeCoreLDORegulatorConfig.str1.4
                0x00004e60       0x1f ./drivers/fsl_spc.o
 .rodata.s_LpuartAdapterBase
                0x00004e60       0x14 ./component/uart/fsl_adapter_lpuart.o
 .rodata.HAL_UartSendBlocking.str1.4
                0x00004e74       0x7b ./component/uart/fsl_adapter_lpuart.o
 .rodata.BOARD_BootClockFROHF180M_InitClockModule.str1.4
                0x00004e74       0x1c ./board/clock_config.o
 .rodata.EDMA_SetChannelMux.str1.4
                0x00004e74       0x8e ./board/peripherals.o
 .rodata.LPUART1_config
                0x00004e74       0x18 ./board/peripherals.o
                0x00004e74                LPUART1_config
 .rodata.DAC0_config
                0x00004e8c       0x1c ./board/peripherals.o
                0x00004e8c                DAC0_config
 .rodata        0x00004ea8        0x2 ./board/pin_mux.o
 *fill*         0x00004eaa        0x2 ff
 .rodata.__num_Ciob_streams
                0x00004eac        0x4 D:/nxp/MCUXpressoIDE_25.6.136/ide/plugins/com.nxp.mcuxpresso.tools.win32_25.6.0.202501151204/tools/bin/../lib/gcc/arm-none-eabi/14.2.1/../../../../arm-none-eabi/lib/thumb/v8-m.main+fp/hard\libcr_nohost_nf.a(__ciob.o)
                0x00004eac                __num_Ciob_streams
 .rodata._initio.str1.1
                0x00004eb0        0x4 D:/nxp/MCUXpressoIDE_25.6.136/ide/plugins/com.nxp.mcuxpresso.tools.win32_25.6.0.202501151204/tools/bin/../lib/gcc/arm-none-eabi/14.2.1/../../../../arm-none-eabi/lib/thumb/v8-m.main+fp/hard\libcr_c.a(initio.o)
                0x00004eb4                        . = ALIGN (0x4)

.glue_7         0x00004eb4        0x0
 .glue_7        0x00004eb4        0x0 linker stubs

.glue_7t        0x00004eb4        0x0
 .glue_7t       0x00004eb4        0x0 linker stubs

.vfp11_veneer   0x00004eb4        0x0
 .vfp11_veneer  0x00004eb4        0x0 linker stubs

.v4_bx          0x00004eb4        0x0
 .v4_bx         0x00004eb4        0x0 linker stubs

.iplt           0x00004eb4        0x0
 .iplt          0x00004eb4        0x0 ./utilities/str/fsl_str.o

.rel.dyn        0x00004eb4        0x0
 .rel.iplt      0x00004eb4        0x0 ./utilities/str/fsl_str.o

.ARM.extab
 *(SORT_BY_ALIGNMENT(.ARM.extab*) SORT_BY_ALIGNMENT(.gnu.linkonce.armextab.*))

.ARM.exidx      0x00004eb4        0x0
                0x00004eb4                        __exidx_start = .
 *(SORT_BY_ALIGNMENT(.ARM.exidx*) SORT_BY_ALIGNMENT(.gnu.linkonce.armexidx.*))
                0x00004eb4                        __exidx_end = .
                0x00004eb4                        _etext = .

.data_RAM2      0x04002000        0x0 load address 0x00004eb4
 FILL mask 0xff
                [!provide]                        PROVIDE (__start_data_RAM2 = .)
                [!provide]                        PROVIDE (__start_data_SRAMX1 = .)
 *(SORT_BY_ALIGNMENT(.ramfunc.$RAM2))
 *(SORT_BY_ALIGNMENT(.ramfunc.$SRAMX1))
 *(SORT_BY_ALIGNMENT(.data.$RAM2))
 *(SORT_BY_ALIGNMENT(.data.$SRAMX1))
 *(SORT_BY_ALIGNMENT(.data.$RAM2.*))
 *(SORT_BY_ALIGNMENT(.data.$SRAMX1.*))
                0x04002000                        . = ALIGN (0x4)
                [!provide]                        PROVIDE (__end_data_RAM2 = .)
                [!provide]                        PROVIDE (__end_data_SRAMX1 = .)

.data_RAM3      0x04000000        0x0 load address 0x00004eb4
 FILL mask 0xff
                [!provide]                        PROVIDE (__start_data_RAM3 = .)
                [!provide]                        PROVIDE (__start_data_SRAMX0 = .)
 *(SORT_BY_ALIGNMENT(.ramfunc.$RAM3))
 *(SORT_BY_ALIGNMENT(.ramfunc.$SRAMX0))
 *(SORT_BY_ALIGNMENT(.data.$RAM3))
 *(SORT_BY_ALIGNMENT(.data.$SRAMX0))
 *(SORT_BY_ALIGNMENT(.data.$RAM3.*))
 *(SORT_BY_ALIGNMENT(.data.$SRAMX0.*))
                0x04000000                        . = ALIGN (0x4)
                [!provide]                        PROVIDE (__end_data_RAM3 = .)
                [!provide]                        PROVIDE (__end_data_SRAMX0 = .)

.uninit_RESERVED
                0x20000000        0x0
                0x20000000                        _start_uninit_RESERVED = .
 *(SORT_BY_ALIGNMENT(.bss.$RESERVED*))
                0x20000000                        . = ALIGN (0x4)
                0x20000000                        _end_uninit_RESERVED = .

.data           0x20000000       0x30 load address 0x00004eb4
 FILL mask 0xff
                0x20000000                        _data = .
                [!provide]                        PROVIDE (__start_data_RAM = .)
                [!provide]                        PROVIDE (__start_data_SRAM = .)
 *(SORT_BY_ALIGNMENT(vtable))
 *(SORT_BY_ALIGNMENT(.ramfunc*))
 *(SORT_BY_ALIGNMENT(CodeQuickAccess))
 *(SORT_BY_ALIGNMENT(DataQuickAccess))
 *(SORT_BY_ALIGNMENT(RamFunction))
 *(SORT_BY_ALIGNMENT(.data*))
 .data.s_Ext_Clk_Freq
                0x20000000        0x4 ./drivers/fsl_clock.o
 .data.SystemCoreClock
                0x20000004        0x4 ./device/system_MCXA176.o
                0x20000004                SystemCoreClock
 .data.DMA0_config
                0x20000008       0x28 ./board/peripherals.o
                0x20000008                DMA0_config
                0x20000030                        . = ALIGN (0x4)
                0x20000030                        _edata = .
                [!provide]                        PROVIDE (__end_data_RAM = .)
                [!provide]                        PROVIDE (__end_data_SRAM = .)

.igot.plt       0x20000030        0x0 load address 0x00004ee4
 .igot.plt      0x20000030        0x0 ./utilities/str/fsl_str.o

.bss_RAM2       0x04002000        0x0
                [!provide]                        PROVIDE (__start_bss_RAM2 = .)
                [!provide]                        PROVIDE (__start_bss_SRAMX1 = .)
 *(SORT_BY_ALIGNMENT(.bss.$RAM2))
 *(SORT_BY_ALIGNMENT(.bss.$SRAMX1))
 *(SORT_BY_ALIGNMENT(.bss.$RAM2.*))
 *(SORT_BY_ALIGNMENT(.bss.$SRAMX1.*))
                0x04002000                        . = ALIGN ((. != 0x0)?0x4:0x1)
                [!provide]                        PROVIDE (__end_bss_RAM2 = .)
                [!provide]                        PROVIDE (__end_bss_SRAMX1 = .)

.bss_RAM3       0x04000000        0x0
                [!provide]                        PROVIDE (__start_bss_RAM3 = .)
                [!provide]                        PROVIDE (__start_bss_SRAMX0 = .)
 *(SORT_BY_ALIGNMENT(.bss.$RAM3))
 *(SORT_BY_ALIGNMENT(.bss.$SRAMX0))
 *(SORT_BY_ALIGNMENT(.bss.$RAM3.*))
 *(SORT_BY_ALIGNMENT(.bss.$SRAMX0.*))
                0x04000000                        . = ALIGN ((. != 0x0)?0x4:0x1)
                [!provide]                        PROVIDE (__end_bss_RAM3 = .)
                [!provide]                        PROVIDE (__end_bss_SRAMX0 = .)

.bss            0x20000030      0x18c
                0x20000030                        _bss = .
                [!provide]                        PROVIDE (__start_bss_RAM = .)
                [!provide]                        PROVIDE (__start_bss_SRAM = .)
 *(SORT_BY_ALIGNMENT(.bss*))
 .bss.s_debugConsoleState
                0x20000030       0x24 ./utilities/debug_console/fsl_debug_console.o
 .bss.g_serialHandle
                0x20000054        0x4 ./utilities/debug_console/fsl_debug_console.o
                0x20000054                g_serialHandle
 .bss.s_EDMAHandle
                0x20000058       0x20 ./drivers/fsl_edma.o
 .bss.s_lpuartHandle
                0x20000078       0x14 ./drivers/fsl_lpuart.o
                0x20000078                s_lpuartHandle
 .bss.s_lpuartIsr
                0x2000008c       0x14 ./drivers/fsl_lpuart.o
                0x2000008c                s_lpuartIsr
 .bss.s_lpuartEdmaPrivateHandle
                0x200000a0       0x28 ./drivers/fsl_lpuart_edma.o
 .bss.LPUART1_RX_Handle
                0x200000c8       0x20 ./board/peripherals.o
                0x200000c8                LPUART1_RX_Handle
 .bss.LPUART1_LPUART_eDMA_Handle
                0x200000e8       0x1c ./board/peripherals.o
                0x200000e8                LPUART1_LPUART_eDMA_Handle
 .bss.errno     0x20000104        0x4 D:/nxp/MCUXpressoIDE_25.6.136/ide/plugins/com.nxp.mcuxpresso.tools.win32_25.6.0.202501151204/tools/bin/../lib/gcc/arm-none-eabi/14.2.1/../../../../arm-none-eabi/lib/thumb/v8-m.main+fp/hard\libcr_c.a(errno.o)
                0x20000104                errno
 .bss.__Ciob    0x20000108       0xb4 D:/nxp/MCUXpressoIDE_25.6.136/ide/plugins/com.nxp.mcuxpresso.tools.win32_25.6.0.202501151204/tools/bin/../lib/gcc/arm-none-eabi/14.2.1/../../../../arm-none-eabi/lib/thumb/v8-m.main+fp/hard\libcr_nohost_nf.a(__ciob.o)
                0x20000108                __Ciob
 *(SORT_BY_ALIGNMENT(COMMON))
                0x200001bc                        . = ALIGN (0x4)
                0x200001bc                        _ebss = .
                [!provide]                        PROVIDE (__end_bss_RAM = .)
                [!provide]                        PROVIDE (__end_bss_SRAM = .)
                [!provide]                        PROVIDE (end = .)

.noinit_RAM2    0x04002000        0x0
                [!provide]                        PROVIDE (__start_noinit_RAM2 = .)
                [!provide]                        PROVIDE (__start_noinit_SRAMX1 = .)
 *(SORT_BY_ALIGNMENT(.noinit.$RAM2))
 *(SORT_BY_ALIGNMENT(.noinit.$SRAMX1))
 *(SORT_BY_ALIGNMENT(.noinit.$RAM2.*))
 *(SORT_BY_ALIGNMENT(.noinit.$SRAMX1.*))
                0x04002000                        . = ALIGN (0x4)
                [!provide]                        PROVIDE (__end_noinit_RAM2 = .)
                [!provide]                        PROVIDE (__end_noinit_SRAMX1 = .)

.noinit_RAM3    0x04000000        0x0
                [!provide]                        PROVIDE (__start_noinit_RAM3 = .)
                [!provide]                        PROVIDE (__start_noinit_SRAMX0 = .)
 *(SORT_BY_ALIGNMENT(.noinit.$RAM3))
 *(SORT_BY_ALIGNMENT(.noinit.$SRAMX0))
 *(SORT_BY_ALIGNMENT(.noinit.$RAM3.*))
 *(SORT_BY_ALIGNMENT(.noinit.$SRAMX0.*))
                0x04000000                        . = ALIGN (0x4)
                [!provide]                        PROVIDE (__end_noinit_RAM3 = .)
                [!provide]                        PROVIDE (__end_noinit_SRAMX0 = .)

.noinit         0x200001bc        0x0
                0x200001bc                        _noinit = .
                [!provide]                        PROVIDE (__start_noinit_RAM = .)
                [!provide]                        PROVIDE (__start_noinit_SRAM = .)
 *(SORT_BY_ALIGNMENT(.noinit*))
                0x200001bc                        . = ALIGN (0x4)
                0x200001bc                        _end_noinit = .
                [!provide]                        PROVIDE (__end_noinit_RAM = .)
                [!provide]                        PROVIDE (__end_noinit_SRAM = .)
                0x00001000                        _HeapSize = 0x1000

.heap           0x200001bc     0x1000
                0x200001bc                        _pvHeapStart = .
                0x200011bc                        . = (. + _HeapSize)
 *fill*         0x200001bc     0x1000 
                0x200011bc                        . = ALIGN (0x4)
                0x200011bc                        _pvHeapLimit = .
                0x00001000                        _StackSize = 0x1000

.heap2stackfill
                0x200011bc     0x1000
                0x200021bc                        . = (. + _StackSize)
 *fill*         0x200011bc     0x1000 

.stack          0x2003b000        0x0
                0x2003b000                        _vStackBase = .
                0x2003b000                        . = ALIGN (0x4)
                0x2003c000                        _vStackTop = (. + _StackSize)
                0x00000000                        _image_start = LOADADDR (.text)
                0x00004ee4                        _image_end = (LOADADDR (.data) + SIZEOF (.data))
                0x00004ee4                        _image_size = (_image_end - _image_start)
OUTPUT(MCXA176_UartDmaDemo.axf elf32-littlearm)
LOAD linker stubs

.debug_info     0x00000000    0x21083
 .debug_info    0x00000000      0xd5d ./utilities/str/fsl_str.o
 .debug_info    0x00000d5d      0xf53 ./utilities/debug_console/fsl_debug_console.o
 .debug_info    0x00001cb0      0x1c9 ./utilities/fsl_assert.o
 .debug_info    0x00001e79     0x1116 ./startup/startup_MCXA176.o
 .debug_info    0x00002f8f     0x183f ./source/MCXA176_UartDmaDemo.o
 .debug_info    0x000047ce       0x3c ./source/semihost_hardfault.o
 .debug_info    0x0000480a     0x344d ./drivers/fsl_clock.o
 .debug_info    0x00007c57     0x18ae ./drivers/fsl_dac.o
 .debug_info    0x00009505     0x3b9c ./drivers/fsl_edma.o
 .debug_info    0x0000d0a1      0x12a ./drivers/fsl_edma_soc.o
 .debug_info    0x0000d1cb     0x16fb ./drivers/fsl_gpio.o
 .debug_info    0x0000e8c6     0x32c0 ./drivers/fsl_lpuart.o
 .debug_info    0x00011b86     0x19ca ./drivers/fsl_lpuart_edma.o
 .debug_info    0x00013550      0xdb2 ./drivers/fsl_reset.o
 .debug_info    0x00014302      0xfe3 ./drivers/fsl_spc.o
 .debug_info    0x000152e5      0xef6 ./device/system_MCXA176.o
 .debug_info    0x000161db      0xda2 ./component/uart/fsl_adapter_lpuart.o
 .debug_info    0x00016f7d      0xed5 ./component/serial_manager/fsl_component_serial_manager.o
 .debug_info    0x00017e52      0x551 ./component/serial_manager/fsl_component_serial_port_uart.o
 .debug_info    0x000183a3     0x1279 ./board/clock_config.o
 .debug_info    0x0001961c     0x2158 ./board/peripherals.o
 .debug_info    0x0001b774     0x1334 ./board/pin_mux.o
 .debug_info    0x0001caa8       0x85 D:/nxp/MCUXpressoIDE_25.6.136/ide/plugins/com.nxp.mcuxpresso.tools.win32_25.6.0.202501151204/tools/bin/../lib/gcc/arm-none-eabi/14.2.1/../../../../arm-none-eabi/lib/thumb/v8-m.main+fp/hard\libcr_nohost_nf.a(_cr__main.o)
 .debug_info    0x0001cb2d      0x12b D:/nxp/MCUXpressoIDE_25.6.136/ide/plugins/com.nxp.mcuxpresso.tools.win32_25.6.0.202501151204/tools/bin/../lib/gcc/arm-none-eabi/14.2.1/../../../../arm-none-eabi/lib/thumb/v8-m.main+fp/hard\libcr_c.a(memcpy.o)
 .debug_info    0x0001cc58       0xfc D:/nxp/MCUXpressoIDE_25.6.136/ide/plugins/com.nxp.mcuxpresso.tools.win32_25.6.0.202501151204/tools/bin/../lib/gcc/arm-none-eabi/14.2.1/../../../../arm-none-eabi/lib/thumb/v8-m.main+fp/hard\libcr_c.a(memset.o)
 .debug_info    0x0001cd54      0x520 D:/nxp/MCUXpressoIDE_25.6.136/ide/plugins/com.nxp.mcuxpresso.tools.win32_25.6.0.202501151204/tools/bin/../lib/gcc/arm-none-eabi/14.2.1/../../../../arm-none-eabi/lib/thumb/v8-m.main+fp/hard\libcr_c.a(alloc.o)
 .debug_info    0x0001d274       0x44 D:/nxp/MCUXpressoIDE_25.6.136/ide/plugins/com.nxp.mcuxpresso.tools.win32_25.6.0.202501151204/tools/bin/../lib/gcc/arm-none-eabi/14.2.1/../../../../arm-none-eabi/lib/thumb/v8-m.main+fp/hard\libcr_c.a(errno.o)
 .debug_info    0x0001d2b8      0x339 D:/nxp/MCUXpressoIDE_25.6.136/ide/plugins/com.nxp.mcuxpresso.tools.win32_25.6.0.202501151204/tools/bin/../lib/gcc/arm-none-eabi/14.2.1/../../../../arm-none-eabi/lib/thumb/v8-m.main+fp/hard\libcr_c.a(initio.o)
 .debug_info    0x0001d5f1      0x1fd D:/nxp/MCUXpressoIDE_25.6.136/ide/plugins/com.nxp.mcuxpresso.tools.win32_25.6.0.202501151204/tools/bin/../lib/gcc/arm-none-eabi/14.2.1/../../../../arm-none-eabi/lib/thumb/v8-m.main+fp/hard\libcr_c.a(setvbuf.o)
 .debug_info    0x0001d7ee       0xe1 D:/nxp/MCUXpressoIDE_25.6.136/ide/plugins/com.nxp.mcuxpresso.tools.win32_25.6.0.202501151204/tools/bin/../lib/gcc/arm-none-eabi/14.2.1/../../../../arm-none-eabi/lib/thumb/v8-m.main+fp/hard\libcr_c.a(strlen.o)
 .debug_info    0x0001d8cf      0x396 D:/nxp/MCUXpressoIDE_25.6.136/ide/plugins/com.nxp.mcuxpresso.tools.win32_25.6.0.202501151204/tools/bin/../lib/gcc/arm-none-eabi/14.2.1/../../../../arm-none-eabi/lib/thumb/v8-m.main+fp/hard\libcr_c.a(_deferredlazyseek.o)
 .debug_info    0x0001dc65      0x24b D:/nxp/MCUXpressoIDE_25.6.136/ide/plugins/com.nxp.mcuxpresso.tools.win32_25.6.0.202501151204/tools/bin/../lib/gcc/arm-none-eabi/14.2.1/../../../../arm-none-eabi/lib/thumb/v8-m.main+fp/hard\libcr_c.a(_fdopen.o)
 .debug_info    0x0001deb0      0x1e3 D:/nxp/MCUXpressoIDE_25.6.136/ide/plugins/com.nxp.mcuxpresso.tools.win32_25.6.0.202501151204/tools/bin/../lib/gcc/arm-none-eabi/14.2.1/../../../../arm-none-eabi/lib/thumb/v8-m.main+fp/hard\libcr_c.a(_fflush.o)
 .debug_info    0x0001e093      0x289 D:/nxp/MCUXpressoIDE_25.6.136/ide/plugins/com.nxp.mcuxpresso.tools.win32_25.6.0.202501151204/tools/bin/../lib/gcc/arm-none-eabi/14.2.1/../../../../arm-none-eabi/lib/thumb/v8-m.main+fp/hard\libcr_c.a(_writebuf.o)
 .debug_info    0x0001e31c      0x31e D:/nxp/MCUXpressoIDE_25.6.136/ide/plugins/com.nxp.mcuxpresso.tools.win32_25.6.0.202501151204/tools/bin/../lib/gcc/arm-none-eabi/14.2.1/../../../../arm-none-eabi/lib/thumb/v8-m.main+fp/hard\libcr_c.a(fclose.o)
 .debug_info    0x0001e63a      0x209 D:/nxp/MCUXpressoIDE_25.6.136/ide/plugins/com.nxp.mcuxpresso.tools.win32_25.6.0.202501151204/tools/bin/../lib/gcc/arm-none-eabi/14.2.1/../../../../arm-none-eabi/lib/thumb/v8-m.main+fp/hard\libcr_c.a(fflush.o)
 .debug_info    0x0001e843      0x276 D:/nxp/MCUXpressoIDE_25.6.136/ide/plugins/com.nxp.mcuxpresso.tools.win32_25.6.0.202501151204/tools/bin/../lib/gcc/arm-none-eabi/14.2.1/../../../../arm-none-eabi/lib/thumb/v8-m.main+fp/hard\libcr_c.a(fseek.o)
 .debug_info    0x0001eab9      0x197 D:/nxp/MCUXpressoIDE_25.6.136/ide/plugins/com.nxp.mcuxpresso.tools.win32_25.6.0.202501151204/tools/bin/../lib/gcc/arm-none-eabi/14.2.1/../../../../arm-none-eabi/lib/thumb/v8-m.main+fp/hard\libcr_c.a(ftell.o)
 .debug_info    0x0001ec50      0x1d7 D:/nxp/MCUXpressoIDE_25.6.136/ide/plugins/com.nxp.mcuxpresso.tools.win32_25.6.0.202501151204/tools/bin/../lib/gcc/arm-none-eabi/14.2.1/../../../../arm-none-eabi/lib/thumb/v8-m.main+fp/hard\libcr_c.a(remove.o)
 .debug_info    0x0001ee27      0x23a D:/nxp/MCUXpressoIDE_25.6.136/ide/plugins/com.nxp.mcuxpresso.tools.win32_25.6.0.202501151204/tools/bin/../lib/gcc/arm-none-eabi/14.2.1/../../../../arm-none-eabi/lib/thumb/v8-m.main+fp/hard\libcr_c.a(_do_fflush.o)
 .debug_info    0x0001f061     0x1b31 D:/nxp/MCUXpressoIDE_25.6.136/ide/plugins/com.nxp.mcuxpresso.tools.win32_25.6.0.202501151204/tools/bin/../lib/gcc/arm-none-eabi/14.2.1/thumb/v8-m.main+fp/hard\libcr_eabihelpers.a(float.o)
 .debug_info    0x00020b92      0x18b D:/nxp/MCUXpressoIDE_25.6.136/ide/plugins/com.nxp.mcuxpresso.tools.win32_25.6.0.202501151204/tools/bin/../lib/gcc/arm-none-eabi/14.2.1/../../../../arm-none-eabi/lib/thumb/v8-m.main+fp/hard\libcr_nohost_nf.a(__ciob.o)
 .debug_info    0x00020d1d       0x6a D:/nxp/MCUXpressoIDE_25.6.136/ide/plugins/com.nxp.mcuxpresso.tools.win32_25.6.0.202501151204/tools/bin/../lib/gcc/arm-none-eabi/14.2.1/../../../../arm-none-eabi/lib/thumb/v8-m.main+fp/hard\libcr_nohost_nf.a(__sys_close.o)
 .debug_info    0x00020d87       0x6a D:/nxp/MCUXpressoIDE_25.6.136/ide/plugins/com.nxp.mcuxpresso.tools.win32_25.6.0.202501151204/tools/bin/../lib/gcc/arm-none-eabi/14.2.1/../../../../arm-none-eabi/lib/thumb/v8-m.main+fp/hard\libcr_nohost_nf.a(__sys_flen.o)
 .debug_info    0x00020df1       0x6a D:/nxp/MCUXpressoIDE_25.6.136/ide/plugins/com.nxp.mcuxpresso.tools.win32_25.6.0.202501151204/tools/bin/../lib/gcc/arm-none-eabi/14.2.1/../../../../arm-none-eabi/lib/thumb/v8-m.main+fp/hard\libcr_nohost_nf.a(__sys_istty.o)
 .debug_info    0x00020e5b       0x8a D:/nxp/MCUXpressoIDE_25.6.136/ide/plugins/com.nxp.mcuxpresso.tools.win32_25.6.0.202501151204/tools/bin/../lib/gcc/arm-none-eabi/14.2.1/../../../../arm-none-eabi/lib/thumb/v8-m.main+fp/hard\libcr_nohost_nf.a(__sys_remove.o)
 .debug_info    0x00020ee5       0x78 D:/nxp/MCUXpressoIDE_25.6.136/ide/plugins/com.nxp.mcuxpresso.tools.win32_25.6.0.202501151204/tools/bin/../lib/gcc/arm-none-eabi/14.2.1/../../../../arm-none-eabi/lib/thumb/v8-m.main+fp/hard\libcr_nohost_nf.a(__sys_seek.o)
 .debug_info    0x00020f5d       0x93 D:/nxp/MCUXpressoIDE_25.6.136/ide/plugins/com.nxp.mcuxpresso.tools.win32_25.6.0.202501151204/tools/bin/../lib/gcc/arm-none-eabi/14.2.1/../../../../arm-none-eabi/lib/thumb/v8-m.main+fp/hard\libcr_nohost_nf.a(__sys_tmpnam.o)
 .debug_info    0x00020ff0       0x93 D:/nxp/MCUXpressoIDE_25.6.136/ide/plugins/com.nxp.mcuxpresso.tools.win32_25.6.0.202501151204/tools/bin/../lib/gcc/arm-none-eabi/14.2.1/../../../../arm-none-eabi/lib/thumb/v8-m.main+fp/hard\libcr_nohost_nf.a(__sys_write.o)

.debug_abbrev   0x00000000     0x4dd0
 .debug_abbrev  0x00000000      0x270 ./utilities/str/fsl_str.o
 .debug_abbrev  0x00000270      0x270 ./utilities/debug_console/fsl_debug_console.o
 .debug_abbrev  0x000004e0      0x114 ./utilities/fsl_assert.o
 .debug_abbrev  0x000005f4      0x161 ./startup/startup_MCXA176.o
 .debug_abbrev  0x00000755      0x34b ./source/MCXA176_UartDmaDemo.o
 .debug_abbrev  0x00000aa0       0x31 ./source/semihost_hardfault.o
 .debug_abbrev  0x00000ad1      0x381 ./drivers/fsl_clock.o
 .debug_abbrev  0x00000e52      0x264 ./drivers/fsl_dac.o
 .debug_abbrev  0x000010b6      0x4a5 ./drivers/fsl_edma.o
 .debug_abbrev  0x0000155b       0x72 ./drivers/fsl_edma_soc.o
 .debug_abbrev  0x000015cd      0x265 ./drivers/fsl_gpio.o
 .debug_abbrev  0x00001832      0x457 ./drivers/fsl_lpuart.o
 .debug_abbrev  0x00001c89      0x397 ./drivers/fsl_lpuart_edma.o
 .debug_abbrev  0x00002020      0x17f ./drivers/fsl_reset.o
 .debug_abbrev  0x0000219f      0x2d1 ./drivers/fsl_spc.o
 .debug_abbrev  0x00002470      0x19f ./device/system_MCXA176.o
 .debug_abbrev  0x0000260f      0x1fc ./component/uart/fsl_adapter_lpuart.o
 .debug_abbrev  0x0000280b      0x2ad ./component/serial_manager/fsl_component_serial_manager.o
 .debug_abbrev  0x00002ab8      0x18c ./component/serial_manager/fsl_component_serial_port_uart.o
 .debug_abbrev  0x00002c44      0x251 ./board/clock_config.o
 .debug_abbrev  0x00002e95      0x385 ./board/peripherals.o
 .debug_abbrev  0x0000321a      0x1e1 ./board/pin_mux.o
 .debug_abbrev  0x000033fb       0x70 D:/nxp/MCUXpressoIDE_25.6.136/ide/plugins/com.nxp.mcuxpresso.tools.win32_25.6.0.202501151204/tools/bin/../lib/gcc/arm-none-eabi/14.2.1/../../../../arm-none-eabi/lib/thumb/v8-m.main+fp/hard\libcr_nohost_nf.a(_cr__main.o)
 .debug_abbrev  0x0000346b       0xb6 D:/nxp/MCUXpressoIDE_25.6.136/ide/plugins/com.nxp.mcuxpresso.tools.win32_25.6.0.202501151204/tools/bin/../lib/gcc/arm-none-eabi/14.2.1/../../../../arm-none-eabi/lib/thumb/v8-m.main+fp/hard\libcr_c.a(memcpy.o)
 .debug_abbrev  0x00003521       0xa8 D:/nxp/MCUXpressoIDE_25.6.136/ide/plugins/com.nxp.mcuxpresso.tools.win32_25.6.0.202501151204/tools/bin/../lib/gcc/arm-none-eabi/14.2.1/../../../../arm-none-eabi/lib/thumb/v8-m.main+fp/hard\libcr_c.a(memset.o)
 .debug_abbrev  0x000035c9      0x284 D:/nxp/MCUXpressoIDE_25.6.136/ide/plugins/com.nxp.mcuxpresso.tools.win32_25.6.0.202501151204/tools/bin/../lib/gcc/arm-none-eabi/14.2.1/../../../../arm-none-eabi/lib/thumb/v8-m.main+fp/hard\libcr_c.a(alloc.o)
 .debug_abbrev  0x0000384d       0x44 D:/nxp/MCUXpressoIDE_25.6.136/ide/plugins/com.nxp.mcuxpresso.tools.win32_25.6.0.202501151204/tools/bin/../lib/gcc/arm-none-eabi/14.2.1/../../../../arm-none-eabi/lib/thumb/v8-m.main+fp/hard\libcr_c.a(errno.o)
 .debug_abbrev  0x00003891      0x169 D:/nxp/MCUXpressoIDE_25.6.136/ide/plugins/com.nxp.mcuxpresso.tools.win32_25.6.0.202501151204/tools/bin/../lib/gcc/arm-none-eabi/14.2.1/../../../../arm-none-eabi/lib/thumb/v8-m.main+fp/hard\libcr_c.a(initio.o)
 .debug_abbrev  0x000039fa       0xe1 D:/nxp/MCUXpressoIDE_25.6.136/ide/plugins/com.nxp.mcuxpresso.tools.win32_25.6.0.202501151204/tools/bin/../lib/gcc/arm-none-eabi/14.2.1/../../../../arm-none-eabi/lib/thumb/v8-m.main+fp/hard\libcr_c.a(setvbuf.o)
 .debug_abbrev  0x00003adb       0xa7 D:/nxp/MCUXpressoIDE_25.6.136/ide/plugins/com.nxp.mcuxpresso.tools.win32_25.6.0.202501151204/tools/bin/../lib/gcc/arm-none-eabi/14.2.1/../../../../arm-none-eabi/lib/thumb/v8-m.main+fp/hard\libcr_c.a(strlen.o)
 .debug_abbrev  0x00003b82      0x18e D:/nxp/MCUXpressoIDE_25.6.136/ide/plugins/com.nxp.mcuxpresso.tools.win32_25.6.0.202501151204/tools/bin/../lib/gcc/arm-none-eabi/14.2.1/../../../../arm-none-eabi/lib/thumb/v8-m.main+fp/hard\libcr_c.a(_deferredlazyseek.o)
 .debug_abbrev  0x00003d10      0x119 D:/nxp/MCUXpressoIDE_25.6.136/ide/plugins/com.nxp.mcuxpresso.tools.win32_25.6.0.202501151204/tools/bin/../lib/gcc/arm-none-eabi/14.2.1/../../../../arm-none-eabi/lib/thumb/v8-m.main+fp/hard\libcr_c.a(_fdopen.o)
 .debug_abbrev  0x00003e29       0xf1 D:/nxp/MCUXpressoIDE_25.6.136/ide/plugins/com.nxp.mcuxpresso.tools.win32_25.6.0.202501151204/tools/bin/../lib/gcc/arm-none-eabi/14.2.1/../../../../arm-none-eabi/lib/thumb/v8-m.main+fp/hard\libcr_c.a(_fflush.o)
 .debug_abbrev  0x00003f1a      0x126 D:/nxp/MCUXpressoIDE_25.6.136/ide/plugins/com.nxp.mcuxpresso.tools.win32_25.6.0.202501151204/tools/bin/../lib/gcc/arm-none-eabi/14.2.1/../../../../arm-none-eabi/lib/thumb/v8-m.main+fp/hard\libcr_c.a(_writebuf.o)
 .debug_abbrev  0x00004040      0x158 D:/nxp/MCUXpressoIDE_25.6.136/ide/plugins/com.nxp.mcuxpresso.tools.win32_25.6.0.202501151204/tools/bin/../lib/gcc/arm-none-eabi/14.2.1/../../../../arm-none-eabi/lib/thumb/v8-m.main+fp/hard\libcr_c.a(fclose.o)
 .debug_abbrev  0x00004198      0x125 D:/nxp/MCUXpressoIDE_25.6.136/ide/plugins/com.nxp.mcuxpresso.tools.win32_25.6.0.202501151204/tools/bin/../lib/gcc/arm-none-eabi/14.2.1/../../../../arm-none-eabi/lib/thumb/v8-m.main+fp/hard\libcr_c.a(fflush.o)
 .debug_abbrev  0x000042bd      0x11b D:/nxp/MCUXpressoIDE_25.6.136/ide/plugins/com.nxp.mcuxpresso.tools.win32_25.6.0.202501151204/tools/bin/../lib/gcc/arm-none-eabi/14.2.1/../../../../arm-none-eabi/lib/thumb/v8-m.main+fp/hard\libcr_c.a(fseek.o)
 .debug_abbrev  0x000043d8       0xc2 D:/nxp/MCUXpressoIDE_25.6.136/ide/plugins/com.nxp.mcuxpresso.tools.win32_25.6.0.202501151204/tools/bin/../lib/gcc/arm-none-eabi/14.2.1/../../../../arm-none-eabi/lib/thumb/v8-m.main+fp/hard\libcr_c.a(ftell.o)
 .debug_abbrev  0x0000449a       0xfb D:/nxp/MCUXpressoIDE_25.6.136/ide/plugins/com.nxp.mcuxpresso.tools.win32_25.6.0.202501151204/tools/bin/../lib/gcc/arm-none-eabi/14.2.1/../../../../arm-none-eabi/lib/thumb/v8-m.main+fp/hard\libcr_c.a(remove.o)
 .debug_abbrev  0x00004595      0x12c D:/nxp/MCUXpressoIDE_25.6.136/ide/plugins/com.nxp.mcuxpresso.tools.win32_25.6.0.202501151204/tools/bin/../lib/gcc/arm-none-eabi/14.2.1/../../../../arm-none-eabi/lib/thumb/v8-m.main+fp/hard\libcr_c.a(_do_fflush.o)
 .debug_abbrev  0x000046c1      0x370 D:/nxp/MCUXpressoIDE_25.6.136/ide/plugins/com.nxp.mcuxpresso.tools.win32_25.6.0.202501151204/tools/bin/../lib/gcc/arm-none-eabi/14.2.1/thumb/v8-m.main+fp/hard\libcr_eabihelpers.a(float.o)
 .debug_abbrev  0x00004a31       0xb5 D:/nxp/MCUXpressoIDE_25.6.136/ide/plugins/com.nxp.mcuxpresso.tools.win32_25.6.0.202501151204/tools/bin/../lib/gcc/arm-none-eabi/14.2.1/../../../../arm-none-eabi/lib/thumb/v8-m.main+fp/hard\libcr_nohost_nf.a(__ciob.o)
 .debug_abbrev  0x00004ae6       0x5c D:/nxp/MCUXpressoIDE_25.6.136/ide/plugins/com.nxp.mcuxpresso.tools.win32_25.6.0.202501151204/tools/bin/../lib/gcc/arm-none-eabi/14.2.1/../../../../arm-none-eabi/lib/thumb/v8-m.main+fp/hard\libcr_nohost_nf.a(__sys_close.o)
 .debug_abbrev  0x00004b42       0x5c D:/nxp/MCUXpressoIDE_25.6.136/ide/plugins/com.nxp.mcuxpresso.tools.win32_25.6.0.202501151204/tools/bin/../lib/gcc/arm-none-eabi/14.2.1/../../../../arm-none-eabi/lib/thumb/v8-m.main+fp/hard\libcr_nohost_nf.a(__sys_flen.o)
 .debug_abbrev  0x00004b9e       0x5c D:/nxp/MCUXpressoIDE_25.6.136/ide/plugins/com.nxp.mcuxpresso.tools.win32_25.6.0.202501151204/tools/bin/../lib/gcc/arm-none-eabi/14.2.1/../../../../arm-none-eabi/lib/thumb/v8-m.main+fp/hard\libcr_nohost_nf.a(__sys_istty.o)
 .debug_abbrev  0x00004bfa       0x7d D:/nxp/MCUXpressoIDE_25.6.136/ide/plugins/com.nxp.mcuxpresso.tools.win32_25.6.0.202501151204/tools/bin/../lib/gcc/arm-none-eabi/14.2.1/../../../../arm-none-eabi/lib/thumb/v8-m.main+fp/hard\libcr_nohost_nf.a(__sys_remove.o)
 .debug_abbrev  0x00004c77       0x6d D:/nxp/MCUXpressoIDE_25.6.136/ide/plugins/com.nxp.mcuxpresso.tools.win32_25.6.0.202501151204/tools/bin/../lib/gcc/arm-none-eabi/14.2.1/../../../../arm-none-eabi/lib/thumb/v8-m.main+fp/hard\libcr_nohost_nf.a(__sys_seek.o)
 .debug_abbrev  0x00004ce4       0x76 D:/nxp/MCUXpressoIDE_25.6.136/ide/plugins/com.nxp.mcuxpresso.tools.win32_25.6.0.202501151204/tools/bin/../lib/gcc/arm-none-eabi/14.2.1/../../../../arm-none-eabi/lib/thumb/v8-m.main+fp/hard\libcr_nohost_nf.a(__sys_tmpnam.o)
 .debug_abbrev  0x00004d5a       0x76 D:/nxp/MCUXpressoIDE_25.6.136/ide/plugins/com.nxp.mcuxpresso.tools.win32_25.6.0.202501151204/tools/bin/../lib/gcc/arm-none-eabi/14.2.1/../../../../arm-none-eabi/lib/thumb/v8-m.main+fp/hard\libcr_nohost_nf.a(__sys_write.o)

.debug_aranges  0x00000000     0x16b0
 .debug_aranges
                0x00000000       0xe8 ./utilities/str/fsl_str.o
 .debug_aranges
                0x000000e8       0xa8 ./utilities/debug_console/fsl_debug_console.o
 .debug_aranges
                0x00000190       0x28 ./utilities/fsl_assert.o
 .debug_aranges
                0x000001b8      0x458 ./startup/startup_MCXA176.o
 .debug_aranges
                0x00000610       0x80 ./source/MCXA176_UartDmaDemo.o
 .debug_aranges
                0x00000690       0x20 ./source/semihost_hardfault.o
 .debug_aranges
                0x000006b0      0x220 ./drivers/fsl_clock.o
 .debug_aranges
                0x000008d0       0x68 ./drivers/fsl_dac.o
 .debug_aranges
                0x00000938      0x220 ./drivers/fsl_edma.o
 .debug_aranges
                0x00000b58       0x58 ./drivers/fsl_edma_soc.o
 .debug_aranges
                0x00000bb0       0x80 ./drivers/fsl_gpio.o
 .debug_aranges
                0x00000c30      0x1b8 ./drivers/fsl_lpuart.o
 .debug_aranges
                0x00000de8       0x90 ./drivers/fsl_lpuart_edma.o
 .debug_aranges
                0x00000e78       0x30 ./drivers/fsl_reset.o
 .debug_aranges
                0x00000ea8      0x118 ./drivers/fsl_spc.o
 .debug_aranges
                0x00000fc0       0x30 ./device/system_MCXA176.o
 .debug_aranges
                0x00000ff0       0x58 ./component/uart/fsl_adapter_lpuart.o
 .debug_aranges
                0x00001048       0xa0 ./component/serial_manager/fsl_component_serial_manager.o
 .debug_aranges
                0x000010e8       0x48 ./component/serial_manager/fsl_component_serial_port_uart.o
 .debug_aranges
                0x00001130       0x80 ./board/clock_config.o
 .debug_aranges
                0x000011b0       0x78 ./board/peripherals.o
 .debug_aranges
                0x00001228       0x40 ./board/pin_mux.o
 .debug_aranges
                0x00001268       0x20 D:/nxp/MCUXpressoIDE_25.6.136/ide/plugins/com.nxp.mcuxpresso.tools.win32_25.6.0.202501151204/tools/bin/../lib/gcc/arm-none-eabi/14.2.1/../../../../arm-none-eabi/lib/thumb/v8-m.main+fp/hard\libcr_nohost_nf.a(_cr__main.o)
 .debug_aranges
                0x00001288       0x20 D:/nxp/MCUXpressoIDE_25.6.136/ide/plugins/com.nxp.mcuxpresso.tools.win32_25.6.0.202501151204/tools/bin/../lib/gcc/arm-none-eabi/14.2.1/../../../../arm-none-eabi/lib/thumb/v8-m.main+fp/hard\libcr_c.a(memcpy.o)
 .debug_aranges
                0x000012a8       0x20 D:/nxp/MCUXpressoIDE_25.6.136/ide/plugins/com.nxp.mcuxpresso.tools.win32_25.6.0.202501151204/tools/bin/../lib/gcc/arm-none-eabi/14.2.1/../../../../arm-none-eabi/lib/thumb/v8-m.main+fp/hard\libcr_c.a(memset.o)
 .debug_aranges
                0x000012c8       0x40 D:/nxp/MCUXpressoIDE_25.6.136/ide/plugins/com.nxp.mcuxpresso.tools.win32_25.6.0.202501151204/tools/bin/../lib/gcc/arm-none-eabi/14.2.1/../../../../arm-none-eabi/lib/thumb/v8-m.main+fp/hard\libcr_c.a(alloc.o)
 .debug_aranges
                0x00001308       0x18 D:/nxp/MCUXpressoIDE_25.6.136/ide/plugins/com.nxp.mcuxpresso.tools.win32_25.6.0.202501151204/tools/bin/../lib/gcc/arm-none-eabi/14.2.1/../../../../arm-none-eabi/lib/thumb/v8-m.main+fp/hard\libcr_c.a(errno.o)
 .debug_aranges