../drivers/fsl_clock.h:786:20:CLOCK_EnableClock	32	static
../drivers/fsl_clock.h:1096:22:CLOCK_IsPLL1Locked	4	static
../drivers/fsl_clock.c:132:20:CLOCK_IsDivHalt	16	static
../drivers/fsl_clock.c:154:6:CLOCK_AttachClk	24	static
../drivers/fsl_clock.c:173:19:CLOCK_GetClockAttachId	32	static
../drivers/fsl_clock.c:194:10:CLOCK_SetClockSelect	24	static
../drivers/fsl_clock.c:232:10:CLOCK_GetClockSelect	24	static
../drivers/fsl_clock.c:251:6:CLOCK_SetClockDiv	24	static
../drivers/fsl_clock.c:295:10:CLOCK_GetClockDiv	24	static
../drivers/fsl_clock.c:311:6:CLOCK_HaltClockDiv	24	static
../drivers/fsl_clock.c:327:10:CLOCK_SetupFROHFClocking	24	static
../drivers/fsl_clock.c:436:10:CLOCK_SetupFRO12MClocking	4	static
../drivers/fsl_clock.c:473:10:CLOCK_SetupFRO16KClocking	16	static
../drivers/fsl_clock.c:490:10:CLOCK_SetupExtClocking	24	static
../drivers/fsl_clock.c:561:10:CLOCK_SetupExtRefClocking	16	static
../drivers/fsl_clock.c:613:10:CLOCK_GetFreq	24	static
../drivers/fsl_clock.c:681:17:CLOCK_GetFro12MFreq	4	static
../drivers/fsl_clock.c:690:17:CLOCK_GetClk1MFreq	4	static
../drivers/fsl_clock.c:699:17:CLOCK_GetFroHfFreq	16	static
../drivers/fsl_clock.c:746:17:CLOCK_GetFroHfDivFreq	8	static
../drivers/fsl_clock.c:755:17:CLOCK_GetFroLfDivFreq	8	static
../drivers/fsl_clock.c:764:17:CLOCK_GetClk45MFreq	4	static
../drivers/fsl_clock.c:779:17:CLOCK_GetFRO16KFreq	4	static
../drivers/fsl_clock.c:787:17:CLOCK_GetClk16KFreq	16	static
../drivers/fsl_clock.c:799:17:CLOCK_GetExtClkFreq	4	static
../drivers/fsl_clock.c:805:10:CLOCK_GetPll1ClkDivFreq	8	static
../drivers/fsl_clock.c:814:10:CLOCK_GetMainClk	16	static
../drivers/fsl_clock.c:846:10:CLOCK_GetCoreSysClkFreq	8	static
../drivers/fsl_clock.c:855:10:CLOCK_GetI3CFClkFreq	24	static
../drivers/fsl_clock.c:895:10:CLOCK_GetCTimerClkFreq	32	static
../drivers/fsl_clock.c:966:10:CLOCK_GetLpi2cClkFreq	32	static
../drivers/fsl_clock.c:1030:10:CLOCK_GetLpspiClkFreq	32	static
../drivers/fsl_clock.c:1069:10:CLOCK_GetLpuartClkFreq	32	static
../drivers/fsl_clock.c:1143:10:CLOCK_GetLptmrClkFreq	24	static
../drivers/fsl_clock.c:1182:10:CLOCK_GetOstimerClkFreq	16	static
../drivers/fsl_clock.c:1206:10:CLOCK_GetAdcClkFreq	32	static
../drivers/fsl_clock.c:1246:10:CLOCK_GetDacClkFreq	24	static
../drivers/fsl_clock.c:1285:10:CLOCK_GetCmpFClkFreq	32	static
../drivers/fsl_clock.c:1344:10:CLOCK_GetCmpRRClkFreq	32	static
../drivers/fsl_clock.c:1403:10:CLOCK_GetTraceClkFreq	24	static
../drivers/fsl_clock.c:1436:10:CLOCK_GetClkoutClkFreq	24	static
../drivers/fsl_clock.c:1478:10:CLOCK_GetWwdtClkFreq	16	static
../drivers/fsl_clock.c:1496:10:CLOCK_GetFlexioClkFreq	24	static
../drivers/fsl_clock.c:1536:10:CLOCK_GetFlexcanClkFreq	32	static
../drivers/fsl_clock.c:1575:10:CLOCK_FRO12MTrimConfig	16	static
../drivers/fsl_clock.c:1614:6:CLOCK_SetSysOscMonitorMode	24	static
../drivers/fsl_clock.c:1628:6:CLOCK_EnableUsbfsClock	40	static
../drivers/fsl_clock.c:1654:10:CLOCK_SetFLASHAccessCyclesForFreq	24	static
../drivers/fsl_clock.c:1714:10:CLOCK_GetPll1OutFreq	32	static
../drivers/fsl_clock.c:1746:6:CLOCK_SetPll1MonitorMode	24	static
../drivers/fsl_clock.c:1758:10:CLOCK_GetPLL1InClockRate	16	static
../drivers/fsl_clock.c:1786:10:CLOCK_GetPLLOutFromSetup	40	static
../drivers/fsl_clock.c:1814:13:CLOCK_SetupPLLData	24	static
../drivers/fsl_clock.c:1865:13:CLOCK_SetPLL1Freq	40	static
../drivers/fsl_clock.c:1923:13:pllFindSel	32	static
../drivers/fsl_clock.c:1967:17:findPll1PreDiv	16	static
../drivers/fsl_clock.c:1984:17:findPll1PostDiv	16	static
../drivers/fsl_clock.c:2008:14:findPll1MMult	24	static
../drivers/fsl_clock.c:2034:17:FindGreatestCommonDivisor	24	static
../drivers/fsl_clock.c:2060:20:CLOCK_GetPllConfig	32	static
../drivers/fsl_clock.c:2116:20:CLOCK_GetPllConfigInternal	128	static
../drivers/fsl_clock.c:2273:17:CLOCK_GetPLLInClockRateFromSetup	24	static
../drivers/fsl_clock.c:2297:17:findPllPreDivFromSetup	24	static
../drivers/fsl_clock.c:2314:17:findPllPostDivFromSetup	24	static
../drivers/fsl_clock.c:2338:14:findPllMMultFromSetup	32	static
