../drivers/fsl_edma_soc.c:39:6:DMA_CH0_DriverIRQHandler	8	static
../drivers/fsl_edma_soc.c:49:6:DMA_CH1_DriverIRQHandler	8	static
../drivers/fsl_edma_soc.c:59:6:DMA_CH2_DriverIRQHandler	8	static
../drivers/fsl_edma_soc.c:69:6:DMA_CH3_DriverIRQHandler	8	static
../drivers/fsl_edma_soc.c:79:6:DMA_CH4_DriverIRQHandler	8	static
../drivers/fsl_edma_soc.c:88:6:DMA_CH5_DriverIRQHandler	8	static
../drivers/fsl_edma_soc.c:98:6:DMA_CH6_DriverIRQHandler	8	static
../drivers/fsl_edma_soc.c:108:6:DMA_CH7_DriverIRQHandler	8	static
