D:\MCUXpressoIDE_25.6.136\workspace\MCXA176_UartDmaDemo\CMSIS/core_cm33.h:2358:22:__NVIC_EnableIRQ	16	static
../drivers/fsl_clock.h:786:20:CLOCK_EnableClock	32	static
../drivers/fsl_clock.h:824:20:CLOCK_DisableClock	32	static
../drivers/fsl_reset.h:303:20:RESET_ReleasePeripheralReset	16	static
../drivers/fsl_common_arm.h:753:24:EnableIRQ	24	static
../drivers/fsl_common_arm.h:983:24:DisableGlobalIRQ	16	static
../drivers/fsl_common_arm.h:1009:20:EnableGlobalIRQ	24	static
../drivers/fsl_edma.h:704:20:EDMA_SetChannelMux	24	static
../drivers/fsl_edma.h:751:20:EDMA_EnableChannelMasterIDReplication	24	static
../drivers/fsl_edma.h:827:20:EDMA_SetChannelProtectionLevel	24	static
../drivers/fsl_edma.h:1013:20:EDMA_EnableAutoStopRequest	24	static
../drivers/fsl_edma.c:78:17:EDMA_GetInstance	24	static
../drivers/fsl_edma.c:97:24:EDMA_CheckErrata	24	static
../drivers/fsl_edma.c:121:6:EDMA_InstallTCD	40	static
../drivers/fsl_edma.c:165:6:EDMA_Init	32	static
../drivers/fsl_edma.c:240:6:EDMA_Deinit	24	static
../drivers/fsl_edma.c:270:6:EDMA_InitChannel	24	static
../drivers/fsl_edma.c:325:6:EDMA_GetDefaultConfig	16	static
../drivers/fsl_edma.c:360:6:EDMA_ResetChannel	16	static
../drivers/fsl_edma.c:395:6:EDMA_SetTransferConfig	24	static
../drivers/fsl_edma.c:421:6:EDMA_SetMinorOffsetConfig	32	static
../drivers/fsl_edma.c:447:6:EDMA_SetMajorOffsetConfig	24	static
../drivers/fsl_edma.c:464:6:EDMA_SetChannelPreemptionConfig	32	static
../drivers/fsl_edma.c:503:6:EDMA_SetChannelLink	24	static
../drivers/fsl_edma.c:526:6:EDMA_SetBandWidth	24	static
../drivers/fsl_edma.c:548:6:EDMA_SetModulo	32	static
../drivers/fsl_edma.c:567:6:EDMA_TcdResetExt	16	static
../drivers/fsl_edma.c:615:6:EDMA_TcdSetTransferConfigExt	24	static
../drivers/fsl_edma.c:656:6:EDMA_ConfigChannelSoftwareTCDExt	32	static
../drivers/fsl_edma.c:767:6:EDMA_TcdSetMinorOffsetConfigExt	32	static
../drivers/fsl_edma.c:793:6:EDMA_TcdSetMajorOffsetConfigExt	24	static
../drivers/fsl_edma.c:818:6:EDMA_TcdSetChannelLinkExt	32	static
../drivers/fsl_edma.c:869:6:EDMA_TcdSetModuloExt	32	static
../drivers/fsl_edma.c:888:6:EDMA_TcdEnableInterruptsExt	24	static
../drivers/fsl_edma.c:913:6:EDMA_TcdDisableInterruptsExt	24	static
../drivers/fsl_edma.c:941:6:EDMA_TcdReset	16	static
../drivers/fsl_edma.c:990:6:EDMA_TcdSetTransferConfig	24	static
../drivers/fsl_edma.c:1029:6:EDMA_ConfigChannelSoftwareTCD	24	static
../drivers/fsl_edma.c:1142:6:EDMA_TcdSetMinorOffsetConfig	24	static
../drivers/fsl_edma.c:1169:6:EDMA_TcdSetMajorOffsetConfig	24	static
../drivers/fsl_edma.c:1195:6:EDMA_TcdSetChannelLink	32	static
../drivers/fsl_edma.c:1247:6:EDMA_TcdSetModulo	24	static
../drivers/fsl_edma.c:1267:6:EDMA_TcdEnableInterrupts	16	static
../drivers/fsl_edma.c:1294:6:EDMA_TcdDisableInterrupts	16	static
../drivers/fsl_edma.c:1332:10:EDMA_GetRemainingMajorLoopCount	24	static
../drivers/fsl_edma.c:1363:6:EDMA_EnableChannelInterrupts	24	static
../drivers/fsl_edma.c:1394:6:EDMA_DisableChannelInterrupts	24	static
../drivers/fsl_edma.c:1425:10:EDMA_GetChannelStatusFlags	24	static
../drivers/fsl_edma.c:1449:6:EDMA_ClearChannelStatusFlags	24	static
../drivers/fsl_edma.c:1478:6:EDMA_TcdInit	16	static
../drivers/fsl_edma.c:1514:10:EDMA_CreateHandle	32	static
../drivers/fsl_edma.c:1561:6:EDMA_InstallTCDMemory	24	static
../drivers/fsl_edma.c:1593:6:EDMA_SetCallback	24	static
../drivers/fsl_edma.c:1601:29:EDMA_TransferWidthMapping	24	static
../drivers/fsl_edma.c:1677:6:EDMA_PrepareTransferConfig	24	static
../drivers/fsl_edma.c:1748:6:EDMA_PrepareTransfer	56	static
../drivers/fsl_edma.c:1815:6:EDMA_PrepareTransferTCD	32	static
../drivers/fsl_edma.c:1965:10:EDMA_SubmitTransferTCD	40	static
../drivers/fsl_edma.c:2154:10:EDMA_SubmitTransfer	40	static
../drivers/fsl_edma.c:2349:10:EDMA_SubmitLoopTransfer	32	static
../drivers/fsl_edma.c:2429:6:EDMA_StartTransfer	32	static
../drivers/fsl_edma.c:2529:6:EDMA_StopTransfer	16	static
../drivers/fsl_edma.c:2547:6:EDMA_AbortTransfer	16	static
../drivers/fsl_edma.c:2594:6:EDMA_HandleIRQ	48	static
../drivers/fsl_edma.c:2720:6:EDMA_DriverIRQHandler	16	static
