../startup/startup_MCXA176.c:588:59:data_init	4	static
../startup/startup_MCXA176.c:599:58:bss_init	0	static
../startup/startup_MCXA176.c:625:6:Reset_Handler_C	8	static
../startup/startup_MCXA176.c:749:6:ResetISR	0	static
../startup/startup_MCXA176.c:774:14:NMI_Handler	0	static
../startup/startup_MCXA176.c:781:14:HardFault_Handler	0	static
../startup/startup_MCXA176.c:788:14:MemManage_Handler	0	static
../startup/startup_MCXA176.c:795:14:BusFault_Handler	0	static
../startup/startup_MCXA176.c:802:14:UsageFault_Handler	0	static
../startup/startup_MCXA176.c:809:14:SecureFault_Handler	0	static
../startup/startup_MCXA176.c:816:14:SVC_Handler	0	static
../startup/startup_MCXA176.c:823:14:DebugMon_Handler	0	static
../startup/startup_MCXA176.c:830:14:PendSV_Handler	0	static
../startup/startup_MCXA176.c:837:14:SysTick_Handler	0	static
../startup/startup_MCXA176.c:848:14:DefaultISR	0	static
../startup/startup_MCXA176.c:861:11:Reserved16_IRQHandler	8	static
../startup/startup_MCXA176.c:866:11:CMC_IRQHandler	8	static
../startup/startup_MCXA176.c:871:11:DMA_CH0_IRQHandler	8	static
../startup/startup_MCXA176.c:876:11:DMA_CH1_IRQHandler	8	static
../startup/startup_MCXA176.c:881:11:DMA_CH2_IRQHandler	8	static
../startup/startup_MCXA176.c:886:11:DMA_CH3_IRQHandler	8	static
../startup/startup_MCXA176.c:891:11:DMA_CH4_IRQHandler	8	static
../startup/startup_MCXA176.c:896:11:DMA_CH5_IRQHandler	8	static
../startup/startup_MCXA176.c:901:11:DMA_CH6_IRQHandler	8	static
../startup/startup_MCXA176.c:906:11:DMA_CH7_IRQHandler	8	static
../startup/startup_MCXA176.c:911:11:ERM0_SINGLE_BIT_IRQHandler	8	static
../startup/startup_MCXA176.c:916:11:ERM0_MULTI_BIT_IRQHandler	8	static
../startup/startup_MCXA176.c:921:11:FMU0_IRQHandler	8	static
../startup/startup_MCXA176.c:926:11:GLIKEY0_IRQHandler	8	static
../startup/startup_MCXA176.c:931:11:MBC0_IRQHandler	8	static
../startup/startup_MCXA176.c:936:11:SCG0_IRQHandler	8	static
../startup/startup_MCXA176.c:941:11:SPC0_IRQHandler	8	static
../startup/startup_MCXA176.c:946:11:TDET_IRQHandler	8	static
../startup/startup_MCXA176.c:951:11:WUU0_IRQHandler	8	static
../startup/startup_MCXA176.c:956:11:CAN0_IRQHandler	8	static
../startup/startup_MCXA176.c:961:11:Reserved36_IRQHandler	8	static
../startup/startup_MCXA176.c:966:11:Reserved37_IRQHandler	8	static
../startup/startup_MCXA176.c:971:11:Reserved38_IRQHandler	8	static
../startup/startup_MCXA176.c:976:11:FLEXIO_IRQHandler	8	static
../startup/startup_MCXA176.c:981:11:I3C0_IRQHandler	8	static
../startup/startup_MCXA176.c:986:11:Reserved41_IRQHandler	8	static
../startup/startup_MCXA176.c:991:11:LPI2C0_IRQHandler	8	static
../startup/startup_MCXA176.c:996:11:LPI2C1_IRQHandler	8	static
../startup/startup_MCXA176.c:1001:11:LPSPI0_IRQHandler	8	static
../startup/startup_MCXA176.c:1006:11:LPSPI1_IRQHandler	8	static
../startup/startup_MCXA176.c:1011:11:Reserved46_IRQHandler	8	static
../startup/startup_MCXA176.c:1016:11:LPUART0_IRQHandler	8	static
../startup/startup_MCXA176.c:1021:11:LPUART1_IRQHandler	8	static
../startup/startup_MCXA176.c:1026:11:LPUART2_IRQHandler	8	static
../startup/startup_MCXA176.c:1031:11:LPUART3_IRQHandler	8	static
../startup/startup_MCXA176.c:1036:11:LPUART4_IRQHandler	8	static
../startup/startup_MCXA176.c:1041:11:USB0_IRQHandler	8	static
../startup/startup_MCXA176.c:1046:11:Reserved53_IRQHandler	8	static
../startup/startup_MCXA176.c:1051:11:CDOG0_IRQHandler	8	static
../startup/startup_MCXA176.c:1056:11:CTIMER0_IRQHandler	8	static
../startup/startup_MCXA176.c:1061:11:CTIMER1_IRQHandler	8	static
../startup/startup_MCXA176.c:1066:11:CTIMER2_IRQHandler	8	static
../startup/startup_MCXA176.c:1071:11:CTIMER3_IRQHandler	8	static
../startup/startup_MCXA176.c:1076:11:CTIMER4_IRQHandler	8	static
../startup/startup_MCXA176.c:1081:11:FLEXPWM0_RELOAD_ERROR_IRQHandler	8	static
../startup/startup_MCXA176.c:1086:11:FLEXPWM0_FAULT_IRQHandler	8	static
../startup/startup_MCXA176.c:1091:11:FLEXPWM0_SUBMODULE0_IRQHandler	8	static
../startup/startup_MCXA176.c:1096:11:FLEXPWM0_SUBMODULE1_IRQHandler	8	static
../startup/startup_MCXA176.c:1101:11:FLEXPWM0_SUBMODULE2_IRQHandler	8	static
../startup/startup_MCXA176.c:1106:11:FLEXPWM0_SUBMODULE3_IRQHandler	8	static
../startup/startup_MCXA176.c:1111:11:EQDC0_COMPARE_IRQHandler	8	static
../startup/startup_MCXA176.c:1116:11:EQDC0_HOME_IRQHandler	8	static
../startup/startup_MCXA176.c:1121:11:EQDC0_WATCHDOG_IRQHandler	8	static
../startup/startup_MCXA176.c:1126:11:EQDC0_INDEX_IRQHandler	8	static
../startup/startup_MCXA176.c:1131:11:FREQME0_IRQHandler	8	static
../startup/startup_MCXA176.c:1136:11:LPTMR0_IRQHandler	8	static
../startup/startup_MCXA176.c:1141:11:Reserved72_IRQHandler	8	static
../startup/startup_MCXA176.c:1146:11:OS_EVENT_IRQHandler	8	static
../startup/startup_MCXA176.c:1151:11:WAKETIMER0_IRQHandler	8	static
../startup/startup_MCXA176.c:1156:11:UTICK0_IRQHandler	8	static
../startup/startup_MCXA176.c:1161:11:WWDT0_IRQHandler	8	static
../startup/startup_MCXA176.c:1166:11:Reserved77_IRQHandler	8	static
../startup/startup_MCXA176.c:1171:11:ADC0_IRQHandler	8	static
../startup/startup_MCXA176.c:1176:11:ADC1_IRQHandler	8	static
../startup/startup_MCXA176.c:1181:11:CMP0_IRQHandler	8	static
../startup/startup_MCXA176.c:1186:11:CMP1_IRQHandler	8	static
../startup/startup_MCXA176.c:1191:11:Reserved82_IRQHandler	8	static
../startup/startup_MCXA176.c:1196:11:DAC0_IRQHandler	8	static
../startup/startup_MCXA176.c:1201:11:Reserved84_IRQHandler	8	static
../startup/startup_MCXA176.c:1206:11:Reserved85_IRQHandler	8	static
../startup/startup_MCXA176.c:1211:11:Reserved86_IRQHandler	8	static
../startup/startup_MCXA176.c:1216:11:GPIO0_IRQHandler	8	static
../startup/startup_MCXA176.c:1221:11:GPIO1_IRQHandler	8	static
../startup/startup_MCXA176.c:1226:11:GPIO2_IRQHandler	8	static
../startup/startup_MCXA176.c:1231:11:GPIO3_IRQHandler	8	static
../startup/startup_MCXA176.c:1236:11:GPIO4_IRQHandler	8	static
../startup/startup_MCXA176.c:1241:11:Reserved92_IRQHandler	8	static
../startup/startup_MCXA176.c:1246:11:LPI2C2_IRQHandler	8	static
../startup/startup_MCXA176.c:1251:11:LPI2C3_IRQHandler	8	static
../startup/startup_MCXA176.c:1256:11:FLEXPWM1_RELOAD_ERROR_IRQHandler	8	static
../startup/startup_MCXA176.c:1261:11:FLEXPWM1_FAULT_IRQHandler	8	static
../startup/startup_MCXA176.c:1266:11:FLEXPWM1_SUBMODULE0_IRQHandler	8	static
../startup/startup_MCXA176.c:1271:11:FLEXPWM1_SUBMODULE1_IRQHandler	8	static
../startup/startup_MCXA176.c:1276:11:FLEXPWM1_SUBMODULE2_IRQHandler	8	static
../startup/startup_MCXA176.c:1281:11:FLEXPWM1_SUBMODULE3_IRQHandler	8	static
../startup/startup_MCXA176.c:1286:11:EQDC1_COMPARE_IRQHandler	8	static
../startup/startup_MCXA176.c:1291:11:EQDC1_HOME_IRQHandler	8	static
../startup/startup_MCXA176.c:1296:11:EQDC1_WATCHDOG_IRQHandler	8	static
../startup/startup_MCXA176.c:1301:11:EQDC1_INDEX_IRQHandler	8	static
../startup/startup_MCXA176.c:1306:11:Reserved105_IRQHandler	8	static
../startup/startup_MCXA176.c:1311:11:Reserved106_IRQHandler	8	static
../startup/startup_MCXA176.c:1316:11:Reserved107_IRQHandler	8	static
../startup/startup_MCXA176.c:1321:11:Reserved108_IRQHandler	8	static
../startup/startup_MCXA176.c:1326:11:Reserved109_IRQHandler	8	static
../startup/startup_MCXA176.c:1331:11:Reserved110_IRQHandler	8	static
../startup/startup_MCXA176.c:1336:11:Reserved111_IRQHandler	8	static
../startup/startup_MCXA176.c:1341:11:Reserved112_IRQHandler	8	static
../startup/startup_MCXA176.c:1346:11:Reserved113_IRQHandler	8	static
../startup/startup_MCXA176.c:1351:11:Reserved114_IRQHandler	8	static
../startup/startup_MCXA176.c:1356:11:Reserved115_IRQHandler	8	static
../startup/startup_MCXA176.c:1361:11:Reserved116_IRQHandler	8	static
../startup/startup_MCXA176.c:1366:11:Reserved117_IRQHandler	8	static
../startup/startup_MCXA176.c:1371:11:Reserved118_IRQHandler	8	static
../startup/startup_MCXA176.c:1376:11:Reserved119_IRQHandler	8	static
../startup/startup_MCXA176.c:1381:11:Reserved120_IRQHandler	8	static
../startup/startup_MCXA176.c:1386:11:Reserved121_IRQHandler	8	static
../startup/startup_MCXA176.c:1391:11:Reserved122_IRQHandler	8	static
../startup/startup_MCXA176.c:1396:11:MAU_IRQHandler	8	static
../startup/startup_MCXA176.c:1401:11:SMARTDMA_IRQHandler	8	static
../startup/startup_MCXA176.c:1406:11:CDOG1_IRQHandler	8	static
../startup/startup_MCXA176.c:1411:11:Reserved126_IRQHandler	8	static
../startup/startup_MCXA176.c:1416:11:Reserved127_IRQHandler	8	static
../startup/startup_MCXA176.c:1421:11:Reserved128_IRQHandler	8	static
../startup/startup_MCXA176.c:1426:11:Reserved129_IRQHandler	8	static
../startup/startup_MCXA176.c:1431:11:Reserved130_IRQHandler	8	static
../startup/startup_MCXA176.c:1436:11:Reserved131_IRQHandler	8	static
../startup/startup_MCXA176.c:1441:11:Reserved132_IRQHandler	8	static
../startup/startup_MCXA176.c:1446:11:Reserved133_IRQHandler	8	static
../startup/startup_MCXA176.c:1451:11:Reserved134_IRQHandler	8	static
../startup/startup_MCXA176.c:1456:11:RTC_IRQHandler	8	static
../startup/startup_MCXA176.c:1461:11:RTC_1HZ_IRQHandler	8	static
